Starting program: /home/ljy/project/poseDetection/build/multi_cam_node 
[Thread debugging using libthread_db enabled]
Using host libthread_db library "/usr/lib/x86_64-linux-gnu/libthread_db.so.1".
[New Thread 0x7fffaa9ea000 (LWP 551307)]
[New Thread 0x7fffa956e000 (LWP 551308)]
[New Thread 0x7fffa8a2b000 (LWP 551347)]
[New Thread 0x7fff9d06a000 (LWP 551348)]
[New Thread 0x7fff95fff000 (LWP 551349)]
[New Thread 0x7fffa3fff000 (LWP 551359)]
[New Thread 0x7fff957fe000 (LWP 551360)]
[New Thread 0x7fff94ffd000 (LWP 551361)]
[New Thread 0x7fff5ffd2000 (LWP 551362)]
[New Thread 0x7fff5f7d1000 (LWP 551363)]
[New Thread 0x7fff5efd0000 (LWP 551364)]
[New Thread 0x7fff5e7cf000 (LWP 551365)]
[New Thread 0x7fff5dfce000 (LWP 551366)]
[New Thread 0x7fff5d7cd000 (LWP 551367)]
[New Thread 0x7fff5cfcc000 (LWP 551368)]
[New Thread 0x7fff55fff000 (LWP 551369)]
[New Thread 0x7fff557fe000 (LWP 551370)]
[New Thread 0x7fff54ffd000 (LWP 551371)]
[New Thread 0x7fff25db4000 (LWP 551372)]
[New Thread 0x7fff255b3000 (LWP 551373)]
[New Thread 0x7fff24db2000 (LWP 551374)]
[New Thread 0x7fff0bfff000 (LWP 551375)]
[New Thread 0x7fff0b7fe000 (LWP 551376)]
[New Thread 0x7fff0affd000 (LWP 551377)]
[New Thread 0x7fff0a7fc000 (LWP 551378)]
[New Thread 0x7fff09ffb000 (LWP 551379)]
[New Thread 0x7fff097fa000 (LWP 551380)]
[New Thread 0x7fff08ff9000 (LWP 551381)]
[New Thread 0x7ffefffff000 (LWP 551382)]
[New Thread 0x7ffeff7fe000 (LWP 551383)]
[New Thread 0x7ffefeffd000 (LWP 551384)]
[New Thread 0x7ffefe7fc000 (LWP 551385)]
[New Thread 0x7ffefdffb000 (LWP 551386)]
[New Thread 0x7ffefd7fa000 (LWP 551387)]
[New Thread 0x7ffefcff9000 (LWP 551388)]
[New Thread 0x7ffefc7f8000 (LWP 551389)]
[New Thread 0x7ffefbff7000 (LWP 551390)]
[New Thread 0x7ffefb7f6000 (LWP 551391)]
[New Thread 0x7ffefaff5000 (LWP 551392)]
[New Thread 0x7ffefa7f4000 (LWP 551393)]
[New Thread 0x7ffef9ff3000 (LWP 551394)]
[New Thread 0x7ffef97f2000 (LWP 551395)]
[New Thread 0x7ffef8ff1000 (LWP 551396)]
[New Thread 0x7ffef87f0000 (LWP 551397)]
[New Thread 0x7ffef7fef000 (LWP 551398)]
[New Thread 0x7ffef77ee000 (LWP 551399)]
[New Thread 0x7ffef6fed000 (LWP 551400)]
[New Thread 0x7ffef67ec000 (LWP 551401)]
[New Thread 0x7ffef5feb000 (LWP 551402)]
[New Thread 0x7ffef57ea000 (LWP 551403)]
[New Thread 0x7ffef4fe9000 (LWP 551404)]
[New Thread 0x7ffef47e8000 (LWP 551405)]
[New Thread 0x7ffef3fe7000 (LWP 551406)]
[New Thread 0x7ffef37e6000 (LWP 551407)]
[New Thread 0x7ffeeefe5000 (LWP 551408)]
[New Thread 0x7fff945fa000 (LWP 551471)]
[New Thread 0x7fff547fc000 (LWP 551473)]
[New Thread 0x7fff5c7cb000 (LWP 551472)]
[New Thread 0x7fff245b1000 (LWP 551475)]
[New Thread 0x7fff087f8000 (LWP 551474)]
[New Thread 0x7ffeee7e4000 (LWP 551476)]
[New Thread 0x7ffeee3e3000 (LWP 551477)]
[New Thread 0x7ffeed7e0000 (LWP 551480)]
[New Thread 0x7ffeed3df000 (LWP 551481)]
[New Thread 0x7ffeedbe1000 (LWP 551479)]
[New Thread 0x7ffeedfe2000 (LWP 551478)]
[New Thread 0x7ffeecfde000 (LWP 551482)]
[New Thread 0x7ffeecbdd000 (LWP 551483)]
[New Thread 0x7ffed27f9000 (LWP 551488)]
[New Thread 0x7ffed3fff000 (LWP 551487)]
[New Thread 0x7ffed3bfe000 (LWP 551489)]
[New Thread 0x7ffed33fc000 (LWP 551486)]
[New Thread 0x7ffeec7dc000 (LWP 551484)]
[New Thread 0x7ffed2ffb000 (LWP 551491)]
[New Thread 0x7ffed2bfa000 (LWP 551490)]
[New Thread 0x7ffed37fd000 (LWP 551485)]
[New Thread 0x7ffed23f8000 (LWP 551492)]
[New Thread 0x7ffed13f4000 (LWP 551494)]
[New Thread 0x7ffed0bf2000 (LWP 551496)]
[New Thread 0x7ffed1ff7000 (LWP 551500)]
[New Thread 0x7ffe8ffff000 (LWP 551499)]
[New Thread 0x7ffed0ff3000 (LWP 551495)]
[New Thread 0x7ffed1bf6000 (LWP 551498)]
[New Thread 0x7ffed17f5000 (LWP 551493)]
[New Thread 0x7ffed07f1000 (LWP 551497)]
[New Thread 0x7ffe8fbfe000 (LWP 551501)]
[New Thread 0x7ffe8e7fd000 (LWP 551530)]
[New Thread 0x7ffe8e3fc000 (LWP 551531)]
[New Thread 0x7ffe8dffb000 (LWP 551633)]
[New Thread 0x7ffe8dbfa000 (LWP 551634)]
[New Thread 0x7ffe8d7f9000 (LWP 551803)]
[New Thread 0x7ffe8d3f8000 (LWP 551801)]
[New Thread 0x7ffe8cff7000 (LWP 551802)]
[New Thread 0x7ffe8cbf6000 (LWP 551804)]
[New Thread 0x7ffe6c9b6000 (LWP 551805)]
[New Thread 0x7ffe8c7f5000 (LWP 551806)]
[New Thread 0x7ffe377fd000 (LWP 551816)]
[New Thread 0x7ffe6c5b5000 (LWP 551818)]
[New Thread 0x7ffe37fff000 (LWP 551819)]
[New Thread 0x7ffe37bfe000 (LWP 551817)]
[New Thread 0x7ffe367f9000 (LWP 551820)]
[New Thread 0x7ffe373fc000 (LWP 551822)]
[New Thread 0x7ffe36ffb000 (LWP 551821)]
[New Thread 0x7ffe36bfa000 (LWP 551823)]
[New Thread 0x7ffe363f8000 (LWP 552317)]
[New Thread 0x7ffe353f4000 (LWP 552320)]
[New Thread 0x7ffe34ff3000 (LWP 552318)]
[New Thread 0x7ffe34bf2000 (LWP 552322)]
[New Thread 0x7ffe357f5000 (LWP 552321)]
[New Thread 0x7ffe35bf6000 (LWP 552323)]
[New Thread 0x7ffe35ff7000 (LWP 552319)]
[New Thread 0x7ffdeeffb000 (LWP 552326)]
[New Thread 0x7ffe347f1000 (LWP 552327)]
[New Thread 0x7ffdef7fd000 (LWP 552328)]
[New Thread 0x7ffdefbfe000 (LWP 552325)]
[New Thread 0x7ffdeffff000 (LWP 552329)]
[New Thread 0x7ffdef3fc000 (LWP 552324)]

Thread 1 "multi_cam_node" received signal SIGINT, Interrupt.
0x00007fffd294423f in __GI___clock_nanosleep (clock_id=clock_id@entry=0, flags=flags@entry=0, req=0x7fffffffcb40, rem=0x7fffffffcb40) at ../sysdeps/unix/sysv/linux/clock_nanosleep.c:78
78	../sysdeps/unix/sysv/linux/clock_nanosleep.c: No such file or directory.
#0  0x00007fffd294423f in __GI___clock_nanosleep (clock_id=clock_id@entry=0, flags=flags@entry=0, req=0x7fffffffcb40, rem=0x7fffffffcb40) at ../sysdeps/unix/sysv/linux/clock_nanosleep.c:78
#1  0x00007fffd2949ec7 in __GI___nanosleep (requested_time=<optimized out>, remaining=<optimized out>) at nanosleep.c:27
#2  0x0000555555564cef in main ()

Thread 118 (Thread 0x7ffdef3fc000 (LWP 552324) "multi_cam_node"):
#0  syscall () at ../sysdeps/unix/sysv/linux/x86_64/syscall.S:38
#1  0x00007fffc82aaa4d in  () at /usr/lib/x86_64-linux-gnu/libtbb.so.2
#2  0x00007fffc82aaa8d in  () at /usr/lib/x86_64-linux-gnu/libtbb.so.2
#3  0x00007fffda3c0609 in start_thread (arg=<optimized out>) at pthread_create.c:477
#4  0x00007fffd2986353 in clone () at ../sysdeps/unix/sysv/linux/x86_64/clone.S:95

Thread 117 (Thread 0x7ffdeffff000 (LWP 552329) "multi_cam_node"):
#0  syscall () at ../sysdeps/unix/sysv/linux/x86_64/syscall.S:38
#1  0x00007fffc82aaa4d in  () at /usr/lib/x86_64-linux-gnu/libtbb.so.2
#2  0x00007fffc82aaa8d in  () at /usr/lib/x86_64-linux-gnu/libtbb.so.2
#3  0x00007fffda3c0609 in start_thread (arg=<optimized out>) at pthread_create.c:477
#4  0x00007fffd2986353 in clone () at ../sysdeps/unix/sysv/linux/x86_64/clone.S:95

Thread 116 (Thread 0x7ffdefbfe000 (LWP 552325) "multi_cam_node"):
#0  syscall () at ../sysdeps/unix/sysv/linux/x86_64/syscall.S:38
#1  0x00007fffc82aaa4d in  () at /usr/lib/x86_64-linux-gnu/libtbb.so.2
#2  0x00007fffc82aaa8d in  () at /usr/lib/x86_64-linux-gnu/libtbb.so.2
#3  0x00007fffda3c0609 in start_thread (arg=<optimized out>) at pthread_create.c:477
#4  0x00007fffd2986353 in clone () at ../sysdeps/unix/sysv/linux/x86_64/clone.S:95

Thread 115 (Thread 0x7ffdef7fd000 (LWP 552328) "multi_cam_node"):
#0  syscall () at ../sysdeps/unix/sysv/linux/x86_64/syscall.S:38
#1  0x00007fffc82aaa4d in  () at /usr/lib/x86_64-linux-gnu/libtbb.so.2
#2  0x00007fffc82aaa8d in  () at /usr/lib/x86_64-linux-gnu/libtbb.so.2
#3  0x00007fffda3c0609 in start_thread (arg=<optimized out>) at pthread_create.c:477
#4  0x00007fffd2986353 in clone () at ../sysdeps/unix/sysv/linux/x86_64/clone.S:95

Thread 114 (Thread 0x7ffe347f1000 (LWP 552327) "multi_cam_node"):
#0  syscall () at ../sysdeps/unix/sysv/linux/x86_64/syscall.S:38
#1  0x00007fffc82aaa4d in  () at /usr/lib/x86_64-linux-gnu/libtbb.so.2
#2  0x00007fffc82aaa8d in  () at /usr/lib/x86_64-linux-gnu/libtbb.so.2
#3  0x00007fffda3c0609 in start_thread (arg=<optimized out>) at pthread_create.c:477
#4  0x00007fffd2986353 in clone () at ../sysdeps/unix/sysv/linux/x86_64/clone.S:95

Thread 113 (Thread 0x7ffdeeffb000 (LWP 552326) "multi_cam_node"):
#0  syscall () at ../sysdeps/unix/sysv/linux/x86_64/syscall.S:38
#1  0x00007fffc82aaa4d in  () at /usr/lib/x86_64-linux-gnu/libtbb.so.2
#2  0x00007fffc82aaa8d in  () at /usr/lib/x86_64-linux-gnu/libtbb.so.2
#3  0x00007fffda3c0609 in start_thread (arg=<optimized out>) at pthread_create.c:477
#4  0x00007fffd2986353 in clone () at ../sysdeps/unix/sysv/linux/x86_64/clone.S:95

Thread 112 (Thread 0x7ffe35ff7000 (LWP 552319) "multi_cam_node"):
#0  syscall () at ../sysdeps/unix/sysv/linux/x86_64/syscall.S:38
#1  0x00007fffc82aaa4d in  () at /usr/lib/x86_64-linux-gnu/libtbb.so.2
#2  0x00007fffc82aaa8d in  () at /usr/lib/x86_64-linux-gnu/libtbb.so.2
#3  0x00007fffda3c0609 in start_thread (arg=<optimized out>) at pthread_create.c:477
#4  0x00007fffd2986353 in clone () at ../sysdeps/unix/sysv/linux/x86_64/clone.S:95

Thread 111 (Thread 0x7ffe35bf6000 (LWP 552323) "multi_cam_node"):
#0  syscall () at ../sysdeps/unix/sysv/linux/x86_64/syscall.S:38
#1  0x00007fffc82aaa4d in  () at /usr/lib/x86_64-linux-gnu/libtbb.so.2
#2  0x00007fffc82aaa8d in  () at /usr/lib/x86_64-linux-gnu/libtbb.so.2
#3  0x00007fffda3c0609 in start_thread (arg=<optimized out>) at pthread_create.c:477
#4  0x00007fffd2986353 in clone () at ../sysdeps/unix/sysv/linux/x86_64/clone.S:95

Thread 110 (Thread 0x7ffe357f5000 (LWP 552321) "multi_cam_node"):
#0  syscall () at ../sysdeps/unix/sysv/linux/x86_64/syscall.S:38
#1  0x00007fffc82aaa4d in  () at /usr/lib/x86_64-linux-gnu/libtbb.so.2
#2  0x00007fffc82aaa8d in  () at /usr/lib/x86_64-linux-gnu/libtbb.so.2
#3  0x00007fffda3c0609 in start_thread (arg=<optimized out>) at pthread_create.c:477
#4  0x00007fffd2986353 in clone () at ../sysdeps/unix/sysv/linux/x86_64/clone.S:95

Thread 109 (Thread 0x7ffe34bf2000 (LWP 552322) "multi_cam_node"):
#0  syscall () at ../sysdeps/unix/sysv/linux/x86_64/syscall.S:38
#1  0x00007fffc82aaa4d in  () at /usr/lib/x86_64-linux-gnu/libtbb.so.2
#2  0x00007fffc82aaa8d in  () at /usr/lib/x86_64-linux-gnu/libtbb.so.2
#3  0x00007fffda3c0609 in start_thread (arg=<optimized out>) at pthread_create.c:477
#4  0x00007fffd2986353 in clone () at ../sysdeps/unix/sysv/linux/x86_64/clone.S:95

Thread 108 (Thread 0x7ffe34ff3000 (LWP 552318) "multi_cam_node"):
#0  syscall () at ../sysdeps/unix/sysv/linux/x86_64/syscall.S:38
#1  0x00007fffc82aaa4d in  () at /usr/lib/x86_64-linux-gnu/libtbb.so.2
#2  0x00007fffc82aaa8d in  () at /usr/lib/x86_64-linux-gnu/libtbb.so.2
#3  0x00007fffda3c0609 in start_thread (arg=<optimized out>) at pthread_create.c:477
#4  0x00007fffd2986353 in clone () at ../sysdeps/unix/sysv/linux/x86_64/clone.S:95

Thread 107 (Thread 0x7ffe353f4000 (LWP 552320) "multi_cam_node"):
#0  syscall () at ../sysdeps/unix/sysv/linux/x86_64/syscall.S:38
#1  0x00007fffc82aaa4d in  () at /usr/lib/x86_64-linux-gnu/libtbb.so.2
#2  0x00007fffc82aaa8d in  () at /usr/lib/x86_64-linux-gnu/libtbb.so.2
#3  0x00007fffda3c0609 in start_thread (arg=<optimized out>) at pthread_create.c:477
#4  0x00007fffd2986353 in clone () at ../sysdeps/unix/sysv/linux/x86_64/clone.S:95

Thread 106 (Thread 0x7ffe363f8000 (LWP 552317) "multi_cam_node"):
#0  syscall () at ../sysdeps/unix/sysv/linux/x86_64/syscall.S:38
#1  0x00007fffc82aaa4d in  () at /usr/lib/x86_64-linux-gnu/libtbb.so.2
#2  0x00007fffc82aaa8d in  () at /usr/lib/x86_64-linux-gnu/libtbb.so.2
#3  0x00007fffda3c0609 in start_thread (arg=<optimized out>) at pthread_create.c:477
#4  0x00007fffd2986353 in clone () at ../sysdeps/unix/sysv/linux/x86_64/clone.S:95

Thread 105 (Thread 0x7ffe36bfa000 (LWP 551823) "multi_cam_node"):
#0  syscall () at ../sysdeps/unix/sysv/linux/x86_64/syscall.S:38
#1  0x00007fffc82aaa4d in  () at /usr/lib/x86_64-linux-gnu/libtbb.so.2
#2  0x00007fffc82aaa8d in  () at /usr/lib/x86_64-linux-gnu/libtbb.so.2
#3  0x00007fffda3c0609 in start_thread (arg=<optimized out>) at pthread_create.c:477
#4  0x00007fffd2986353 in clone () at ../sysdeps/unix/sysv/linux/x86_64/clone.S:95

Thread 104 (Thread 0x7ffe36ffb000 (LWP 551821) "multi_cam_node"):
#0  syscall () at ../sysdeps/unix/sysv/linux/x86_64/syscall.S:38
#1  0x00007fffc82aaa4d in  () at /usr/lib/x86_64-linux-gnu/libtbb.so.2
#2  0x00007fffc82aaa8d in  () at /usr/lib/x86_64-linux-gnu/libtbb.so.2
#3  0x00007fffda3c0609 in start_thread (arg=<optimized out>) at pthread_create.c:477
#4  0x00007fffd2986353 in clone () at ../sysdeps/unix/sysv/linux/x86_64/clone.S:95

Thread 103 (Thread 0x7ffe373fc000 (LWP 551822) "multi_cam_node"):
#0  syscall () at ../sysdeps/unix/sysv/linux/x86_64/syscall.S:38
#1  0x00007fffc82aaa4d in  () at /usr/lib/x86_64-linux-gnu/libtbb.so.2
#2  0x00007fffc82aaa8d in  () at /usr/lib/x86_64-linux-gnu/libtbb.so.2
#3  0x00007fffda3c0609 in start_thread (arg=<optimized out>) at pthread_create.c:477
#4  0x00007fffd2986353 in clone () at ../sysdeps/unix/sysv/linux/x86_64/clone.S:95

Thread 102 (Thread 0x7ffe367f9000 (LWP 551820) "multi_cam_node"):
#0  syscall () at ../sysdeps/unix/sysv/linux/x86_64/syscall.S:38
#1  0x00007fffc82aaa4d in  () at /usr/lib/x86_64-linux-gnu/libtbb.so.2
#2  0x00007fffc82aaa8d in  () at /usr/lib/x86_64-linux-gnu/libtbb.so.2
#3  0x00007fffda3c0609 in start_thread (arg=<optimized out>) at pthread_create.c:477
#4  0x00007fffd2986353 in clone () at ../sysdeps/unix/sysv/linux/x86_64/clone.S:95

Thread 101 (Thread 0x7ffe37bfe000 (LWP 551817) "multi_cam_node"):
#0  syscall () at ../sysdeps/unix/sysv/linux/x86_64/syscall.S:38
#1  0x00007fffc82aaa4d in  () at /usr/lib/x86_64-linux-gnu/libtbb.so.2
#2  0x00007fffc82aaa8d in  () at /usr/lib/x86_64-linux-gnu/libtbb.so.2
#3  0x00007fffda3c0609 in start_thread (arg=<optimized out>) at pthread_create.c:477
#4  0x00007fffd2986353 in clone () at ../sysdeps/unix/sysv/linux/x86_64/clone.S:95

Thread 100 (Thread 0x7ffe37fff000 (LWP 551819) "multi_cam_node"):
#0  syscall () at ../sysdeps/unix/sysv/linux/x86_64/syscall.S:38
#1  0x00007fffc82aaa4d in  () at /usr/lib/x86_64-linux-gnu/libtbb.so.2
#2  0x00007fffc82aaa8d in  () at /usr/lib/x86_64-linux-gnu/libtbb.so.2
#3  0x00007fffda3c0609 in start_thread (arg=<optimized out>) at pthread_create.c:477
#4  0x00007fffd2986353 in clone () at ../sysdeps/unix/sysv/linux/x86_64/clone.S:95

Thread 99 (Thread 0x7ffe6c5b5000 (LWP 551818) "multi_cam_node"):
#0  syscall () at ../sysdeps/unix/sysv/linux/x86_64/syscall.S:38
#1  0x00007fffc82aaa4d in  () at /usr/lib/x86_64-linux-gnu/libtbb.so.2
#2  0x00007fffc82aaa8d in  () at /usr/lib/x86_64-linux-gnu/libtbb.so.2
#3  0x00007fffda3c0609 in start_thread (arg=<optimized out>) at pthread_create.c:477
#4  0x00007fffd2986353 in clone () at ../sysdeps/unix/sysv/linux/x86_64/clone.S:95

Thread 98 (Thread 0x7ffe377fd000 (LWP 551816) "multi_cam_node"):
#0  syscall () at ../sysdeps/unix/sysv/linux/x86_64/syscall.S:38
#1  0x00007fffc82aaa4d in  () at /usr/lib/x86_64-linux-gnu/libtbb.so.2
#2  0x00007fffc82aaa8d in  () at /usr/lib/x86_64-linux-gnu/libtbb.so.2
#3  0x00007fffda3c0609 in start_thread (arg=<optimized out>) at pthread_create.c:477
#4  0x00007fffd2986353 in clone () at ../sysdeps/unix/sysv/linux/x86_64/clone.S:95

Thread 97 (Thread 0x7ffe8c7f5000 (LWP 551806) "multi_cam_node"):
#0  syscall () at ../sysdeps/unix/sysv/linux/x86_64/syscall.S:38
#1  0x00007fffc82aaa4d in  () at /usr/lib/x86_64-linux-gnu/libtbb.so.2
#2  0x00007fffc82aaa8d in  () at /usr/lib/x86_64-linux-gnu/libtbb.so.2
#3  0x00007fffda3c0609 in start_thread (arg=<optimized out>) at pthread_create.c:477
#4  0x00007fffd2986353 in clone () at ../sysdeps/unix/sysv/linux/x86_64/clone.S:95

Thread 96 (Thread 0x7ffe6c9b6000 (LWP 551805) "multi_cam_node"):
#0  syscall () at ../sysdeps/unix/sysv/linux/x86_64/syscall.S:38
#1  0x00007fffc82aaa4d in  () at /usr/lib/x86_64-linux-gnu/libtbb.so.2
#2  0x00007fffc82aaa8d in  () at /usr/lib/x86_64-linux-gnu/libtbb.so.2
#3  0x00007fffda3c0609 in start_thread (arg=<optimized out>) at pthread_create.c:477
#4  0x00007fffd2986353 in clone () at ../sysdeps/unix/sysv/linux/x86_64/clone.S:95

Thread 95 (Thread 0x7ffe8cbf6000 (LWP 551804) "multi_cam_node"):
#0  syscall () at ../sysdeps/unix/sysv/linux/x86_64/syscall.S:38
#1  0x00007fffc82aaa4d in  () at /usr/lib/x86_64-linux-gnu/libtbb.so.2
#2  0x00007fffc82aaa8d in  () at /usr/lib/x86_64-linux-gnu/libtbb.so.2
#3  0x00007fffda3c0609 in start_thread (arg=<optimized out>) at pthread_create.c:477
#4  0x00007fffd2986353 in clone () at ../sysdeps/unix/sysv/linux/x86_64/clone.S:95

Thread 94 (Thread 0x7ffe8cff7000 (LWP 551802) "multi_cam_node"):
#0  syscall () at ../sysdeps/unix/sysv/linux/x86_64/syscall.S:38
#1  0x00007fffc82aaa4d in  () at /usr/lib/x86_64-linux-gnu/libtbb.so.2
#2  0x00007fffc82aaa8d in  () at /usr/lib/x86_64-linux-gnu/libtbb.so.2
#3  0x00007fffda3c0609 in start_thread (arg=<optimized out>) at pthread_create.c:477
#4  0x00007fffd2986353 in clone () at ../sysdeps/unix/sysv/linux/x86_64/clone.S:95

Thread 93 (Thread 0x7ffe8d3f8000 (LWP 551801) "multi_cam_node"):
#0  syscall () at ../sysdeps/unix/sysv/linux/x86_64/syscall.S:38
#1  0x00007fffc82aaa4d in  () at /usr/lib/x86_64-linux-gnu/libtbb.so.2
#2  0x00007fffc82aaa8d in  () at /usr/lib/x86_64-linux-gnu/libtbb.so.2
#3  0x00007fffda3c0609 in start_thread (arg=<optimized out>) at pthread_create.c:477
#4  0x00007fffd2986353 in clone () at ../sysdeps/unix/sysv/linux/x86_64/clone.S:95

Thread 92 (Thread 0x7ffe8d7f9000 (LWP 551803) "multi_cam_node"):
#0  syscall () at ../sysdeps/unix/sysv/linux/x86_64/syscall.S:38
#1  0x00007fffc82aaa4d in  () at /usr/lib/x86_64-linux-gnu/libtbb.so.2
#2  0x00007fffc82aaa8d in  () at /usr/lib/x86_64-linux-gnu/libtbb.so.2
#3  0x00007fffda3c0609 in start_thread (arg=<optimized out>) at pthread_create.c:477
#4  0x00007fffd2986353 in clone () at ../sysdeps/unix/sysv/linux/x86_64/clone.S:95

Thread 91 (Thread 0x7ffe8dbfa000 (LWP 551634) "multi_cam_node"):
#0  syscall () at ../sysdeps/unix/sysv/linux/x86_64/syscall.S:38
#1  0x00007fffc82aaa4d in  () at /usr/lib/x86_64-linux-gnu/libtbb.so.2
#2  0x00007fffc82aaa8d in  () at /usr/lib/x86_64-linux-gnu/libtbb.so.2
#3  0x00007fffda3c0609 in start_thread (arg=<optimized out>) at pthread_create.c:477
#4  0x00007fffd2986353 in clone () at ../sysdeps/unix/sysv/linux/x86_64/clone.S:95

Thread 90 (Thread 0x7ffe8dffb000 (LWP 551633) "multi_cam_node"):
#0  syscall () at ../sysdeps/unix/sysv/linux/x86_64/syscall.S:38
#1  0x00007fffc82aaa4d in  () at /usr/lib/x86_64-linux-gnu/libtbb.so.2
#2  0x00007fffc82aaa8d in  () at /usr/lib/x86_64-linux-gnu/libtbb.so.2
#3  0x00007fffda3c0609 in start_thread (arg=<optimized out>) at pthread_create.c:477
#4  0x00007fffd2986353 in clone () at ../sysdeps/unix/sysv/linux/x86_64/clone.S:95

Thread 89 (Thread 0x7ffe8e3fc000 (LWP 551531) "multi_cam_node"):
#0  syscall () at ../sysdeps/unix/sysv/linux/x86_64/syscall.S:38
#1  0x00007fffc82aaa4d in  () at /usr/lib/x86_64-linux-gnu/libtbb.so.2
#2  0x00007fffc82aaa8d in  () at /usr/lib/x86_64-linux-gnu/libtbb.so.2
#3  0x00007fffda3c0609 in start_thread (arg=<optimized out>) at pthread_create.c:477
#4  0x00007fffd2986353 in clone () at ../sysdeps/unix/sysv/linux/x86_64/clone.S:95

Thread 88 (Thread 0x7ffe8e7fd000 (LWP 551530) "multi_cam_node"):
#0  syscall () at ../sysdeps/unix/sysv/linux/x86_64/syscall.S:38
#1  0x00007fffc82aaa4d in  () at /usr/lib/x86_64-linux-gnu/libtbb.so.2
#2  0x00007fffc82aaa8d in  () at /usr/lib/x86_64-linux-gnu/libtbb.so.2
#3  0x00007fffda3c0609 in start_thread (arg=<optimized out>) at pthread_create.c:477
#4  0x00007fffd2986353 in clone () at ../sysdeps/unix/sysv/linux/x86_64/clone.S:95

Thread 87 (Thread 0x7ffe8fbfe000 (LWP 551501) "multi_cam_node"):
#0  syscall () at ../sysdeps/unix/sysv/linux/x86_64/syscall.S:38
#1  0x00007fffc82aaa4d in  () at /usr/lib/x86_64-linux-gnu/libtbb.so.2
#2  0x00007fffc82aaa8d in  () at /usr/lib/x86_64-linux-gnu/libtbb.so.2
#3  0x00007fffda3c0609 in start_thread (arg=<optimized out>) at pthread_create.c:477
#4  0x00007fffd2986353 in clone () at ../sysdeps/unix/sysv/linux/x86_64/clone.S:95

Thread 86 (Thread 0x7ffed07f1000 (LWP 551497) "multi_cam_node"):
#0  syscall () at ../sysdeps/unix/sysv/linux/x86_64/syscall.S:38
#1  0x00007fffc82aaa4d in  () at /usr/lib/x86_64-linux-gnu/libtbb.so.2
#2  0x00007fffc82aaa8d in  () at /usr/lib/x86_64-linux-gnu/libtbb.so.2
#3  0x00007fffda3c0609 in start_thread (arg=<optimized out>) at pthread_create.c:477
#4  0x00007fffd2986353 in clone () at ../sysdeps/unix/sysv/linux/x86_64/clone.S:95

Thread 85 (Thread 0x7ffed17f5000 (LWP 551493) "multi_cam_node"):
#0  syscall () at ../sysdeps/unix/sysv/linux/x86_64/syscall.S:38
#1  0x00007fffc82aaa4d in  () at /usr/lib/x86_64-linux-gnu/libtbb.so.2
#2  0x00007fffc82aaa8d in  () at /usr/lib/x86_64-linux-gnu/libtbb.so.2
#3  0x00007fffda3c0609 in start_thread (arg=<optimized out>) at pthread_create.c:477
#4  0x00007fffd2986353 in clone () at ../sysdeps/unix/sysv/linux/x86_64/clone.S:95

Thread 84 (Thread 0x7ffed1bf6000 (LWP 551498) "multi_cam_node"):
#0  syscall () at ../sysdeps/unix/sysv/linux/x86_64/syscall.S:38
#1  0x00007fffc82aaa4d in  () at /usr/lib/x86_64-linux-gnu/libtbb.so.2
#2  0x00007fffc82aaa8d in  () at /usr/lib/x86_64-linux-gnu/libtbb.so.2
#3  0x00007fffda3c0609 in start_thread (arg=<optimized out>) at pthread_create.c:477
#4  0x00007fffd2986353 in clone () at ../sysdeps/unix/sysv/linux/x86_64/clone.S:95

Thread 83 (Thread 0x7ffed0ff3000 (LWP 551495) "multi_cam_node"):
#0  syscall () at ../sysdeps/unix/sysv/linux/x86_64/syscall.S:38
#1  0x00007fffc82aaa4d in  () at /usr/lib/x86_64-linux-gnu/libtbb.so.2
#2  0x00007fffc82aaa8d in  () at /usr/lib/x86_64-linux-gnu/libtbb.so.2
#3  0x00007fffda3c0609 in start_thread (arg=<optimized out>) at pthread_create.c:477
#4  0x00007fffd2986353 in clone () at ../sysdeps/unix/sysv/linux/x86_64/clone.S:95

Thread 82 (Thread 0x7ffe8ffff000 (LWP 551499) "multi_cam_node"):
#0  syscall () at ../sysdeps/unix/sysv/linux/x86_64/syscall.S:38
#1  0x00007fffc82aaa4d in  () at /usr/lib/x86_64-linux-gnu/libtbb.so.2
#2  0x00007fffc82aaa8d in  () at /usr/lib/x86_64-linux-gnu/libtbb.so.2
#3  0x00007fffda3c0609 in start_thread (arg=<optimized out>) at pthread_create.c:477
#4  0x00007fffd2986353 in clone () at ../sysdeps/unix/sysv/linux/x86_64/clone.S:95

Thread 81 (Thread 0x7ffed1ff7000 (LWP 551500) "multi_cam_node"):
#0  syscall () at ../sysdeps/unix/sysv/linux/x86_64/syscall.S:38
#1  0x00007fffc82aaa4d in  () at /usr/lib/x86_64-linux-gnu/libtbb.so.2
#2  0x00007fffc82aaa8d in  () at /usr/lib/x86_64-linux-gnu/libtbb.so.2
#3  0x00007fffda3c0609 in start_thread (arg=<optimized out>) at pthread_create.c:477
#4  0x00007fffd2986353 in clone () at ../sysdeps/unix/sysv/linux/x86_64/clone.S:95

Thread 80 (Thread 0x7ffed0bf2000 (LWP 551496) "multi_cam_node"):
#0  syscall () at ../sysdeps/unix/sysv/linux/x86_64/syscall.S:38
#1  0x00007fffc82aaa4d in  () at /usr/lib/x86_64-linux-gnu/libtbb.so.2
#2  0x00007fffc82aaa8d in  () at /usr/lib/x86_64-linux-gnu/libtbb.so.2
#3  0x00007fffda3c0609 in start_thread (arg=<optimized out>) at pthread_create.c:477
#4  0x00007fffd2986353 in clone () at ../sysdeps/unix/sysv/linux/x86_64/clone.S:95

Thread 79 (Thread 0x7ffed13f4000 (LWP 551494) "multi_cam_node"):
#0  syscall () at ../sysdeps/unix/sysv/linux/x86_64/syscall.S:38
#1  0x00007fffc82aaa4d in  () at /usr/lib/x86_64-linux-gnu/libtbb.so.2
#2  0x00007fffc82aaa8d in  () at /usr/lib/x86_64-linux-gnu/libtbb.so.2
#3  0x00007fffda3c0609 in start_thread (arg=<optimized out>) at pthread_create.c:477
#4  0x00007fffd2986353 in clone () at ../sysdeps/unix/sysv/linux/x86_64/clone.S:95

Thread 78 (Thread 0x7ffed23f8000 (LWP 551492) "multi_cam_node"):
#0  syscall () at ../sysdeps/unix/sysv/linux/x86_64/syscall.S:38
#1  0x00007fffc82aaa4d in  () at /usr/lib/x86_64-linux-gnu/libtbb.so.2
#2  0x00007fffc82aaa8d in  () at /usr/lib/x86_64-linux-gnu/libtbb.so.2
#3  0x00007fffda3c0609 in start_thread (arg=<optimized out>) at pthread_create.c:477
#4  0x00007fffd2986353 in clone () at ../sysdeps/unix/sysv/linux/x86_64/clone.S:95

Thread 77 (Thread 0x7ffed37fd000 (LWP 551485) "multi_cam_node"):
#0  syscall () at ../sysdeps/unix/sysv/linux/x86_64/syscall.S:38
#1  0x00007fffc82aaa4d in  () at /usr/lib/x86_64-linux-gnu/libtbb.so.2
#2  0x00007fffc82aaa8d in  () at /usr/lib/x86_64-linux-gnu/libtbb.so.2
#3  0x00007fffda3c0609 in start_thread (arg=<optimized out>) at pthread_create.c:477
#4  0x00007fffd2986353 in clone () at ../sysdeps/unix/sysv/linux/x86_64/clone.S:95

Thread 76 (Thread 0x7ffed2bfa000 (LWP 551490) "multi_cam_node"):
#0  syscall () at ../sysdeps/unix/sysv/linux/x86_64/syscall.S:38
#1  0x00007fffc82aaa4d in  () at /usr/lib/x86_64-linux-gnu/libtbb.so.2
#2  0x00007fffc82aaa8d in  () at /usr/lib/x86_64-linux-gnu/libtbb.so.2
#3  0x00007fffda3c0609 in start_thread (arg=<optimized out>) at pthread_create.c:477
#4  0x00007fffd2986353 in clone () at ../sysdeps/unix/sysv/linux/x86_64/clone.S:95

Thread 75 (Thread 0x7ffed2ffb000 (LWP 551491) "multi_cam_node"):
#0  syscall () at ../sysdeps/unix/sysv/linux/x86_64/syscall.S:38
#1  0x00007fffc82aaa4d in  () at /usr/lib/x86_64-linux-gnu/libtbb.so.2
#2  0x00007fffc82aaa8d in  () at /usr/lib/x86_64-linux-gnu/libtbb.so.2
#3  0x00007fffda3c0609 in start_thread (arg=<optimized out>) at pthread_create.c:477
#4  0x00007fffd2986353 in clone () at ../sysdeps/unix/sysv/linux/x86_64/clone.S:95

Thread 74 (Thread 0x7ffeec7dc000 (LWP 551484) "multi_cam_node"):
#0  syscall () at ../sysdeps/unix/sysv/linux/x86_64/syscall.S:38
#1  0x00007fffc82aaa4d in  () at /usr/lib/x86_64-linux-gnu/libtbb.so.2
#2  0x00007fffc82aaa8d in  () at /usr/lib/x86_64-linux-gnu/libtbb.so.2
#3  0x00007fffda3c0609 in start_thread (arg=<optimized out>) at pthread_create.c:477
#4  0x00007fffd2986353 in clone () at ../sysdeps/unix/sysv/linux/x86_64/clone.S:95

Thread 73 (Thread 0x7ffed33fc000 (LWP 551486) "multi_cam_node"):
#0  syscall () at ../sysdeps/unix/sysv/linux/x86_64/syscall.S:38
#1  0x00007fffc82aaa4d in  () at /usr/lib/x86_64-linux-gnu/libtbb.so.2
#2  0x00007fffc82aaa8d in  () at /usr/lib/x86_64-linux-gnu/libtbb.so.2
#3  0x00007fffda3c0609 in start_thread (arg=<optimized out>) at pthread_create.c:477
#4  0x00007fffd2986353 in clone () at ../sysdeps/unix/sysv/linux/x86_64/clone.S:95

Thread 72 (Thread 0x7ffed3bfe000 (LWP 551489) "multi_cam_node"):
#0  syscall () at ../sysdeps/unix/sysv/linux/x86_64/syscall.S:38
#1  0x00007fffc82aaa4d in  () at /usr/lib/x86_64-linux-gnu/libtbb.so.2
#2  0x00007fffc82aaa8d in  () at /usr/lib/x86_64-linux-gnu/libtbb.so.2
#3  0x00007fffda3c0609 in start_thread (arg=<optimized out>) at pthread_create.c:477
#4  0x00007fffd2986353 in clone () at ../sysdeps/unix/sysv/linux/x86_64/clone.S:95

Thread 71 (Thread 0x7ffed3fff000 (LWP 551487) "multi_cam_node"):
#0  syscall () at ../sysdeps/unix/sysv/linux/x86_64/syscall.S:38
#1  0x00007fffc82aaa4d in  () at /usr/lib/x86_64-linux-gnu/libtbb.so.2
#2  0x00007fffc82aaa8d in  () at /usr/lib/x86_64-linux-gnu/libtbb.so.2
#3  0x00007fffda3c0609 in start_thread (arg=<optimized out>) at pthread_create.c:477
#4  0x00007fffd2986353 in clone () at ../sysdeps/unix/sysv/linux/x86_64/clone.S:95

Thread 70 (Thread 0x7ffed27f9000 (LWP 551488) "multi_cam_node"):
#0  syscall () at ../sysdeps/unix/sysv/linux/x86_64/syscall.S:38
#1  0x00007fffc82aaa4d in  () at /usr/lib/x86_64-linux-gnu/libtbb.so.2
#2  0x00007fffc82aaa8d in  () at /usr/lib/x86_64-linux-gnu/libtbb.so.2
#3  0x00007fffda3c0609 in start_thread (arg=<optimized out>) at pthread_create.c:477
#4  0x00007fffd2986353 in clone () at ../sysdeps/unix/sysv/linux/x86_64/clone.S:95

Thread 69 (Thread 0x7ffeecbdd000 (LWP 551483) "multi_cam_node"):
#0  syscall () at ../sysdeps/unix/sysv/linux/x86_64/syscall.S:38
#1  0x00007fffc82aaa4d in  () at /usr/lib/x86_64-linux-gnu/libtbb.so.2
#2  0x00007fffc82aaa8d in  () at /usr/lib/x86_64-linux-gnu/libtbb.so.2
#3  0x00007fffda3c0609 in start_thread (arg=<optimized out>) at pthread_create.c:477
#4  0x00007fffd2986353 in clone () at ../sysdeps/unix/sysv/linux/x86_64/clone.S:95

Thread 68 (Thread 0x7ffeecfde000 (LWP 551482) "multi_cam_node"):
#0  syscall () at ../sysdeps/unix/sysv/linux/x86_64/syscall.S:38
#1  0x00007fffc82aaa4d in  () at /usr/lib/x86_64-linux-gnu/libtbb.so.2
#2  0x00007fffc82aaa8d in  () at /usr/lib/x86_64-linux-gnu/libtbb.so.2
#3  0x00007fffda3c0609 in start_thread (arg=<optimized out>) at pthread_create.c:477
#4  0x00007fffd2986353 in clone () at ../sysdeps/unix/sysv/linux/x86_64/clone.S:95

Thread 67 (Thread 0x7ffeedfe2000 (LWP 551478) "multi_cam_node"):
#0  syscall () at ../sysdeps/unix/sysv/linux/x86_64/syscall.S:38
#1  0x00007fffc82aaa4d in  () at /usr/lib/x86_64-linux-gnu/libtbb.so.2
#2  0x00007fffc82aaa8d in  () at /usr/lib/x86_64-linux-gnu/libtbb.so.2
#3  0x00007fffda3c0609 in start_thread (arg=<optimized out>) at pthread_create.c:477
#4  0x00007fffd2986353 in clone () at ../sysdeps/unix/sysv/linux/x86_64/clone.S:95

Thread 66 (Thread 0x7ffeedbe1000 (LWP 551479) "multi_cam_node"):
#0  syscall () at ../sysdeps/unix/sysv/linux/x86_64/syscall.S:38
#1  0x00007fffc82aaa4d in  () at /usr/lib/x86_64-linux-gnu/libtbb.so.2
#2  0x00007fffc82aaa8d in  () at /usr/lib/x86_64-linux-gnu/libtbb.so.2
#3  0x00007fffda3c0609 in start_thread (arg=<optimized out>) at pthread_create.c:477
#4  0x00007fffd2986353 in clone () at ../sysdeps/unix/sysv/linux/x86_64/clone.S:95

Thread 65 (Thread 0x7ffeed3df000 (LWP 551481) "multi_cam_node"):
#0  syscall () at ../sysdeps/unix/sysv/linux/x86_64/syscall.S:38
#1  0x00007fffc82aaa4d in  () at /usr/lib/x86_64-linux-gnu/libtbb.so.2
#2  0x00007fffc82aaa8d in  () at /usr/lib/x86_64-linux-gnu/libtbb.so.2
#3  0x00007fffda3c0609 in start_thread (arg=<optimized out>) at pthread_create.c:477
#4  0x00007fffd2986353 in clone () at ../sysdeps/unix/sysv/linux/x86_64/clone.S:95

Thread 64 (Thread 0x7ffeed7e0000 (LWP 551480) "multi_cam_node"):
#0  syscall () at ../sysdeps/unix/sysv/linux/x86_64/syscall.S:38
#1  0x00007fffc82aaa4d in  () at /usr/lib/x86_64-linux-gnu/libtbb.so.2
#2  0x00007fffc82aaa8d in  () at /usr/lib/x86_64-linux-gnu/libtbb.so.2
#3  0x00007fffda3c0609 in start_thread (arg=<optimized out>) at pthread_create.c:477
#4  0x00007fffd2986353 in clone () at ../sysdeps/unix/sysv/linux/x86_64/clone.S:95

Thread 63 (Thread 0x7ffeee3e3000 (LWP 551477) "multi_cam_node"):
#0  syscall () at ../sysdeps/unix/sysv/linux/x86_64/syscall.S:38
#1  0x00007fffc82aaa4d in  () at /usr/lib/x86_64-linux-gnu/libtbb.so.2
#2  0x00007fffc82aaa8d in  () at /usr/lib/x86_64-linux-gnu/libtbb.so.2
#3  0x00007fffda3c0609 in start_thread (arg=<optimized out>) at pthread_create.c:477
#4  0x00007fffd2986353 in clone () at ../sysdeps/unix/sysv/linux/x86_64/clone.S:95

Thread 62 (Thread 0x7ffeee7e4000 (LWP 551476) "multi_cam_node"):
#0  syscall () at ../sysdeps/unix/sysv/linux/x86_64/syscall.S:38
#1  0x00007fffc82aaa4d in  () at /usr/lib/x86_64-linux-gnu/libtbb.so.2
#2  0x00007fffc82aaa8d in  () at /usr/lib/x86_64-linux-gnu/libtbb.so.2
#3  0x00007fffda3c0609 in start_thread (arg=<optimized out>) at pthread_create.c:477
#4  0x00007fffd2986353 in clone () at ../sysdeps/unix/sysv/linux/x86_64/clone.S:95

Thread 61 (Thread 0x7fff087f8000 (LWP 551474) "multi_cam_node"):
#0  syscall () at ../sysdeps/unix/sysv/linux/x86_64/syscall.S:38
#1  0x00007fffc82aaa4d in  () at /usr/lib/x86_64-linux-gnu/libtbb.so.2
#2  0x00007fffc82aaa8d in  () at /usr/lib/x86_64-linux-gnu/libtbb.so.2
#3  0x00007fffda3c0609 in start_thread (arg=<optimized out>) at pthread_create.c:477
#4  0x00007fffd2986353 in clone () at ../sysdeps/unix/sysv/linux/x86_64/clone.S:95

Thread 60 (Thread 0x7fff245b1000 (LWP 551475) "multi_cam_node"):
#0  syscall () at ../sysdeps/unix/sysv/linux/x86_64/syscall.S:38
#1  0x00007fffc82aaa4d in  () at /usr/lib/x86_64-linux-gnu/libtbb.so.2
#2  0x00007fffc82aaa8d in  () at /usr/lib/x86_64-linux-gnu/libtbb.so.2
#3  0x00007fffda3c0609 in start_thread (arg=<optimized out>) at pthread_create.c:477
#4  0x00007fffd2986353 in clone () at ../sysdeps/unix/sysv/linux/x86_64/clone.S:95

Thread 59 (Thread 0x7fff5c7cb000 (LWP 551472) "multi_cam_node"):
#0  syscall () at ../sysdeps/unix/sysv/linux/x86_64/syscall.S:38
#1  0x00007fffc82aaa4d in  () at /usr/lib/x86_64-linux-gnu/libtbb.so.2
#2  0x00007fffc82aaa8d in  () at /usr/lib/x86_64-linux-gnu/libtbb.so.2
#3  0x00007fffda3c0609 in start_thread (arg=<optimized out>) at pthread_create.c:477
#4  0x00007fffd2986353 in clone () at ../sysdeps/unix/sysv/linux/x86_64/clone.S:95

Thread 58 (Thread 0x7fff547fc000 (LWP 551473) "multi_cam_node"):
#0  syscall () at ../sysdeps/unix/sysv/linux/x86_64/syscall.S:38
#1  0x00007fffc82aaa4d in  () at /usr/lib/x86_64-linux-gnu/libtbb.so.2
#2  0x00007fffc82aaa8d in  () at /usr/lib/x86_64-linux-gnu/libtbb.so.2
#3  0x00007fffda3c0609 in start_thread (arg=<optimized out>) at pthread_create.c:477
#4  0x00007fffd2986353 in clone () at ../sysdeps/unix/sysv/linux/x86_64/clone.S:95

Thread 57 (Thread 0x7fff945fa000 (LWP 551471) "multi_cam_node"):
#0  syscall () at ../sysdeps/unix/sysv/linux/x86_64/syscall.S:38
#1  0x00007fffc82aaa4d in  () at /usr/lib/x86_64-linux-gnu/libtbb.so.2
#2  0x00007fffc82aaa8d in  () at /usr/lib/x86_64-linux-gnu/libtbb.so.2
#3  0x00007fffda3c0609 in start_thread (arg=<optimized out>) at pthread_create.c:477
#4  0x00007fffd2986353 in clone () at ../sysdeps/unix/sysv/linux/x86_64/clone.S:95

Thread 56 (Thread 0x7ffeeefe5000 (LWP 551408) "threaded-ml"):
#0  0x00007fffd2979bbf in __GI___poll (fds=0x7ffee8007170, nfds=3, timeout=-1) at ../sysdeps/unix/sysv/linux/poll.c:29
#1  0x00007fffa37111d6 in  () at /usr/lib/x86_64-linux-gnu/libpulse.so.0
#2  0x00007fffa3702841 in pa_mainloop_poll () at /usr/lib/x86_64-linux-gnu/libpulse.so.0
#3  0x00007fffa3702ec3 in pa_mainloop_iterate () at /usr/lib/x86_64-linux-gnu/libpulse.so.0
#4  0x00007fffa3702f70 in pa_mainloop_run () at /usr/lib/x86_64-linux-gnu/libpulse.so.0
#5  0x00007fffa371111d in  () at /usr/lib/x86_64-linux-gnu/libpulse.so.0
#6  0x00007fffa36ad72c in  () at /usr/lib/x86_64-linux-gnu/pulseaudio/libpulsecommon-13.99.so
#7  0x00007fffda3c0609 in start_thread (arg=<optimized out>) at pthread_create.c:477
#8  0x00007fffd2986353 in clone () at ../sysdeps/unix/sysv/linux/x86_64/clone.S:95

Thread 55 (Thread 0x7ffef37e6000 (LWP 551407) "multi_cam_node"):
#0  futex_wait_cancelable (private=<optimized out>, expected=0, futex_word=0x7fff000015c8) at ../sysdeps/nptl/futex-internal.h:183
#1  __pthread_cond_wait_common (abstime=0x0, clockid=0, mutex=0x7fff000015d0, cond=0x7fff000015a0) at pthread_cond_wait.c:508
#2  __pthread_cond_wait (cond=0x7fff000015a0, mutex=0x7fff000015d0) at pthread_cond_wait.c:647
#3  0x00007fffd2b35137 in std::condition_variable::wait(std::unique_lock<std::mutex>&) () at /usr/lib/x86_64-linux-gnu/libstdc++.so.6
#4  0x00007ffff7eca8c4 in rclcpp::detail::MutexTwoPriorities::LowPriorityLockable::lock() () at /opt/ros/foxy/lib/librclcpp.so
#5  0x00007ffff7ed64b9 in rclcpp::executors::MultiThreadedExecutor::run(unsigned long) () at /opt/ros/foxy/lib/librclcpp.so
#6  0x00007fffd2b66793 in  () at /usr/lib/x86_64-linux-gnu/libstdc++.so.6
#7  0x00007fffda3c0609 in start_thread (arg=<optimized out>) at pthread_create.c:477
#8  0x00007fffd2986353 in clone () at ../sysdeps/unix/sysv/linux/x86_64/clone.S:95

Thread 54 (Thread 0x7ffef3fe7000 (LWP 551406) "multi_cam_node"):
#0  futex_wait_cancelable (private=<optimized out>, expected=0, futex_word=0x7fff000015c8) at ../sysdeps/nptl/futex-internal.h:183
#1  __pthread_cond_wait_common (abstime=0x0, clockid=0, mutex=0x7fff000015d0, cond=0x7fff000015a0) at pthread_cond_wait.c:508
#2  __pthread_cond_wait (cond=0x7fff000015a0, mutex=0x7fff000015d0) at pthread_cond_wait.c:647
#3  0x00007fffd2b35137 in std::condition_variable::wait(std::unique_lock<std::mutex>&) () at /usr/lib/x86_64-linux-gnu/libstdc++.so.6
#4  0x00007ffff7eca8c4 in rclcpp::detail::MutexTwoPriorities::LowPriorityLockable::lock() () at /opt/ros/foxy/lib/librclcpp.so
#5  0x00007ffff7ed64b9 in rclcpp::executors::MultiThreadedExecutor::run(unsigned long) () at /opt/ros/foxy/lib/librclcpp.so
#6  0x00007fffd2b66793 in  () at /usr/lib/x86_64-linux-gnu/libstdc++.so.6
#7  0x00007fffda3c0609 in start_thread (arg=<optimized out>) at pthread_create.c:477
#8  0x00007fffd2986353 in clone () at ../sysdeps/unix/sysv/linux/x86_64/clone.S:95

Thread 53 (Thread 0x7ffef47e8000 (LWP 551405) "multi_cam_node"):
#0  futex_wait_cancelable (private=<optimized out>, expected=0, futex_word=0x7fff000015c8) at ../sysdeps/nptl/futex-internal.h:183
#1  __pthread_cond_wait_common (abstime=0x0, clockid=0, mutex=0x7fff000015d0, cond=0x7fff000015a0) at pthread_cond_wait.c:508
#2  __pthread_cond_wait (cond=0x7fff000015a0, mutex=0x7fff000015d0) at pthread_cond_wait.c:647
#3  0x00007fffd2b35137 in std::condition_variable::wait(std::unique_lock<std::mutex>&) () at /usr/lib/x86_64-linux-gnu/libstdc++.so.6
#4  0x00007ffff7eca8c4 in rclcpp::detail::MutexTwoPriorities::LowPriorityLockable::lock() () at /opt/ros/foxy/lib/librclcpp.so
#5  0x00007ffff7ed64b9 in rclcpp::executors::MultiThreadedExecutor::run(unsigned long) () at /opt/ros/foxy/lib/librclcpp.so
#6  0x00007fffd2b66793 in  () at /usr/lib/x86_64-linux-gnu/libstdc++.so.6
#7  0x00007fffda3c0609 in start_thread (arg=<optimized out>) at pthread_create.c:477
#8  0x00007fffd2986353 in clone () at ../sysdeps/unix/sysv/linux/x86_64/clone.S:95

Thread 52 (Thread 0x7ffef4fe9000 (LWP 551404) "multi_cam_node"):
#0  futex_wait_cancelable (private=<optimized out>, expected=0, futex_word=0x7fff000015c8) at ../sysdeps/nptl/futex-internal.h:183
#1  __pthread_cond_wait_common (abstime=0x0, clockid=0, mutex=0x7fff000015d0, cond=0x7fff000015a0) at pthread_cond_wait.c:508
#2  __pthread_cond_wait (cond=0x7fff000015a0, mutex=0x7fff000015d0) at pthread_cond_wait.c:647
#3  0x00007fffd2b35137 in std::condition_variable::wait(std::unique_lock<std::mutex>&) () at /usr/lib/x86_64-linux-gnu/libstdc++.so.6
#4  0x00007ffff7eca8c4 in rclcpp::detail::MutexTwoPriorities::LowPriorityLockable::lock() () at /opt/ros/foxy/lib/librclcpp.so
#5  0x00007ffff7ed64b9 in rclcpp::executors::MultiThreadedExecutor::run(unsigned long) () at /opt/ros/foxy/lib/librclcpp.so
#6  0x00007fffd2b66793 in  () at /usr/lib/x86_64-linux-gnu/libstdc++.so.6
#7  0x00007fffda3c0609 in start_thread (arg=<optimized out>) at pthread_create.c:477
#8  0x00007fffd2986353 in clone () at ../sysdeps/unix/sysv/linux/x86_64/clone.S:95

Thread 51 (Thread 0x7ffef57ea000 (LWP 551403) "multi_cam_node"):
#0  futex_wait_cancelable (private=<optimized out>, expected=0, futex_word=0x7fff000015c8) at ../sysdeps/nptl/futex-internal.h:183
#1  __pthread_cond_wait_common (abstime=0x0, clockid=0, mutex=0x7fff000015d0, cond=0x7fff000015a0) at pthread_cond_wait.c:508
#2  __pthread_cond_wait (cond=0x7fff000015a0, mutex=0x7fff000015d0) at pthread_cond_wait.c:647
#3  0x00007fffd2b35137 in std::condition_variable::wait(std::unique_lock<std::mutex>&) () at /usr/lib/x86_64-linux-gnu/libstdc++.so.6
#4  0x00007ffff7eca8c4 in rclcpp::detail::MutexTwoPriorities::LowPriorityLockable::lock() () at /opt/ros/foxy/lib/librclcpp.so
#5  0x00007ffff7ed64b9 in rclcpp::executors::MultiThreadedExecutor::run(unsigned long) () at /opt/ros/foxy/lib/librclcpp.so
#6  0x00007fffd2b66793 in  () at /usr/lib/x86_64-linux-gnu/libstdc++.so.6
#7  0x00007fffda3c0609 in start_thread (arg=<optimized out>) at pthread_create.c:477
#8  0x00007fffd2986353 in clone () at ../sysdeps/unix/sysv/linux/x86_64/clone.S:95

Thread 50 (Thread 0x7ffef5feb000 (LWP 551402) "multi_cam_node"):
#0  futex_wait_cancelable (private=<optimized out>, expected=0, futex_word=0x7fff000015c8) at ../sysdeps/nptl/futex-internal.h:183
#1  __pthread_cond_wait_common (abstime=0x0, clockid=0, mutex=0x7fff000015d0, cond=0x7fff000015a0) at pthread_cond_wait.c:508
#2  __pthread_cond_wait (cond=0x7fff000015a0, mutex=0x7fff000015d0) at pthread_cond_wait.c:647
#3  0x00007fffd2b35137 in std::condition_variable::wait(std::unique_lock<std::mutex>&) () at /usr/lib/x86_64-linux-gnu/libstdc++.so.6
#4  0x00007ffff7eca8c4 in rclcpp::detail::MutexTwoPriorities::LowPriorityLockable::lock() () at /opt/ros/foxy/lib/librclcpp.so
#5  0x00007ffff7ed64b9 in rclcpp::executors::MultiThreadedExecutor::run(unsigned long) () at /opt/ros/foxy/lib/librclcpp.so
#6  0x00007fffd2b66793 in  () at /usr/lib/x86_64-linux-gnu/libstdc++.so.6
#7  0x00007fffda3c0609 in start_thread (arg=<optimized out>) at pthread_create.c:477
#8  0x00007fffd2986353 in clone () at ../sysdeps/unix/sysv/linux/x86_64/clone.S:95

Thread 49 (Thread 0x7ffef67ec000 (LWP 551401) "multi_cam_node"):
#0  futex_wait_cancelable (private=<optimized out>, expected=0, futex_word=0x7fff000015c8) at ../sysdeps/nptl/futex-internal.h:183
#1  __pthread_cond_wait_common (abstime=0x0, clockid=0, mutex=0x7fff000015d0, cond=0x7fff000015a0) at pthread_cond_wait.c:508
#2  __pthread_cond_wait (cond=0x7fff000015a0, mutex=0x7fff000015d0) at pthread_cond_wait.c:647
#3  0x00007fffd2b35137 in std::condition_variable::wait(std::unique_lock<std::mutex>&) () at /usr/lib/x86_64-linux-gnu/libstdc++.so.6
#4  0x00007ffff7eca8c4 in rclcpp::detail::MutexTwoPriorities::LowPriorityLockable::lock() () at /opt/ros/foxy/lib/librclcpp.so
#5  0x00007ffff7ed64b9 in rclcpp::executors::MultiThreadedExecutor::run(unsigned long) () at /opt/ros/foxy/lib/librclcpp.so
#6  0x00007fffd2b66793 in  () at /usr/lib/x86_64-linux-gnu/libstdc++.so.6
#7  0x00007fffda3c0609 in start_thread (arg=<optimized out>) at pthread_create.c:477
#8  0x00007fffd2986353 in clone () at ../sysdeps/unix/sysv/linux/x86_64/clone.S:95

Thread 48 (Thread 0x7ffef6fed000 (LWP 551400) "multi_cam_node"):
#0  futex_wait_cancelable (private=<optimized out>, expected=0, futex_word=0x7fff000015c8) at ../sysdeps/nptl/futex-internal.h:183
#1  __pthread_cond_wait_common (abstime=0x0, clockid=0, mutex=0x7fff000015d0, cond=0x7fff000015a0) at pthread_cond_wait.c:508
#2  __pthread_cond_wait (cond=0x7fff000015a0, mutex=0x7fff000015d0) at pthread_cond_wait.c:647
#3  0x00007fffd2b35137 in std::condition_variable::wait(std::unique_lock<std::mutex>&) () at /usr/lib/x86_64-linux-gnu/libstdc++.so.6
#4  0x00007ffff7eca8c4 in rclcpp::detail::MutexTwoPriorities::LowPriorityLockable::lock() () at /opt/ros/foxy/lib/librclcpp.so
#5  0x00007ffff7ed64b9 in rclcpp::executors::MultiThreadedExecutor::run(unsigned long) () at /opt/ros/foxy/lib/librclcpp.so
#6  0x00007fffd2b66793 in  () at /usr/lib/x86_64-linux-gnu/libstdc++.so.6
#7  0x00007fffda3c0609 in start_thread (arg=<optimized out>) at pthread_create.c:477
#8  0x00007fffd2986353 in clone () at ../sysdeps/unix/sysv/linux/x86_64/clone.S:95

Thread 47 (Thread 0x7ffef77ee000 (LWP 551399) "multi_cam_node"):
#0  futex_wait_cancelable (private=<optimized out>, expected=0, futex_word=0x7fff000015c8) at ../sysdeps/nptl/futex-internal.h:183
#1  __pthread_cond_wait_common (abstime=0x0, clockid=0, mutex=0x7fff000015d0, cond=0x7fff000015a0) at pthread_cond_wait.c:508
#2  __pthread_cond_wait (cond=0x7fff000015a0, mutex=0x7fff000015d0) at pthread_cond_wait.c:647
#3  0x00007fffd2b35137 in std::condition_variable::wait(std::unique_lock<std::mutex>&) () at /usr/lib/x86_64-linux-gnu/libstdc++.so.6
#4  0x00007ffff7eca8c4 in rclcpp::detail::MutexTwoPriorities::LowPriorityLockable::lock() () at /opt/ros/foxy/lib/librclcpp.so
#5  0x00007ffff7ed64b9 in rclcpp::executors::MultiThreadedExecutor::run(unsigned long) () at /opt/ros/foxy/lib/librclcpp.so
#6  0x00007fffd2b66793 in  () at /usr/lib/x86_64-linux-gnu/libstdc++.so.6
#7  0x00007fffda3c0609 in start_thread (arg=<optimized out>) at pthread_create.c:477
#8  0x00007fffd2986353 in clone () at ../sysdeps/unix/sysv/linux/x86_64/clone.S:95

Thread 46 (Thread 0x7ffef7fef000 (LWP 551398) "multi_cam_node"):
#0  futex_wait_cancelable (private=<optimized out>, expected=0, futex_word=0x7fff000015c8) at ../sysdeps/nptl/futex-internal.h:183
#1  __pthread_cond_wait_common (abstime=0x0, clockid=0, mutex=0x7fff000015d0, cond=0x7fff000015a0) at pthread_cond_wait.c:508
#2  __pthread_cond_wait (cond=0x7fff000015a0, mutex=0x7fff000015d0) at pthread_cond_wait.c:647
#3  0x00007fffd2b35137 in std::condition_variable::wait(std::unique_lock<std::mutex>&) () at /usr/lib/x86_64-linux-gnu/libstdc++.so.6
#4  0x00007ffff7eca8c4 in rclcpp::detail::MutexTwoPriorities::LowPriorityLockable::lock() () at /opt/ros/foxy/lib/librclcpp.so
#5  0x00007ffff7ed64b9 in rclcpp::executors::MultiThreadedExecutor::run(unsigned long) () at /opt/ros/foxy/lib/librclcpp.so
#6  0x00007fffd2b66793 in  () at /usr/lib/x86_64-linux-gnu/libstdc++.so.6
#7  0x00007fffda3c0609 in start_thread (arg=<optimized out>) at pthread_create.c:477
#8  0x00007fffd2986353 in clone () at ../sysdeps/unix/sysv/linux/x86_64/clone.S:95

Thread 45 (Thread 0x7ffef87f0000 (LWP 551397) "multi_cam_node"):
#0  futex_wait_cancelable (private=<optimized out>, expected=0, futex_word=0x7fff000015c8) at ../sysdeps/nptl/futex-internal.h:183
#1  __pthread_cond_wait_common (abstime=0x0, clockid=0, mutex=0x7fff000015d0, cond=0x7fff000015a0) at pthread_cond_wait.c:508
#2  __pthread_cond_wait (cond=0x7fff000015a0, mutex=0x7fff000015d0) at pthread_cond_wait.c:647
#3  0x00007fffd2b35137 in std::condition_variable::wait(std::unique_lock<std::mutex>&) () at /usr/lib/x86_64-linux-gnu/libstdc++.so.6
#4  0x00007ffff7eca8c4 in rclcpp::detail::MutexTwoPriorities::LowPriorityLockable::lock() () at /opt/ros/foxy/lib/librclcpp.so
#5  0x00007ffff7ed64b9 in rclcpp::executors::MultiThreadedExecutor::run(unsigned long) () at /opt/ros/foxy/lib/librclcpp.so
#6  0x00007fffd2b66793 in  () at /usr/lib/x86_64-linux-gnu/libstdc++.so.6
#7  0x00007fffda3c0609 in start_thread (arg=<optimized out>) at pthread_create.c:477
#8  0x00007fffd2986353 in clone () at ../sysdeps/unix/sysv/linux/x86_64/clone.S:95

Thread 44 (Thread 0x7ffef8ff1000 (LWP 551396) "multi_cam_node"):
#0  futex_wait_cancelable (private=<optimized out>, expected=0, futex_word=0x7fff000015c8) at ../sysdeps/nptl/futex-internal.h:183
#1  __pthread_cond_wait_common (abstime=0x0, clockid=0, mutex=0x7fff000015d0, cond=0x7fff000015a0) at pthread_cond_wait.c:508
#2  __pthread_cond_wait (cond=0x7fff000015a0, mutex=0x7fff000015d0) at pthread_cond_wait.c:647
#3  0x00007fffd2b35137 in std::condition_variable::wait(std::unique_lock<std::mutex>&) () at /usr/lib/x86_64-linux-gnu/libstdc++.so.6
#4  0x00007ffff7eca8c4 in rclcpp::detail::MutexTwoPriorities::LowPriorityLockable::lock() () at /opt/ros/foxy/lib/librclcpp.so
#5  0x00007ffff7ed64b9 in rclcpp::executors::MultiThreadedExecutor::run(unsigned long) () at /opt/ros/foxy/lib/librclcpp.so
#6  0x00007fffd2b66793 in  () at /usr/lib/x86_64-linux-gnu/libstdc++.so.6
#7  0x00007fffda3c0609 in start_thread (arg=<optimized out>) at pthread_create.c:477
#8  0x00007fffd2986353 in clone () at ../sysdeps/unix/sysv/linux/x86_64/clone.S:95

Thread 43 (Thread 0x7ffef97f2000 (LWP 551395) "multi_cam_node"):
#0  futex_wait_cancelable (private=<optimized out>, expected=0, futex_word=0x7fff000015c8) at ../sysdeps/nptl/futex-internal.h:183
#1  __pthread_cond_wait_common (abstime=0x0, clockid=0, mutex=0x7fff000015d0, cond=0x7fff000015a0) at pthread_cond_wait.c:508
#2  __pthread_cond_wait (cond=0x7fff000015a0, mutex=0x7fff000015d0) at pthread_cond_wait.c:647
#3  0x00007fffd2b35137 in std::condition_variable::wait(std::unique_lock<std::mutex>&) () at /usr/lib/x86_64-linux-gnu/libstdc++.so.6
#4  0x00007ffff7eca8c4 in rclcpp::detail::MutexTwoPriorities::LowPriorityLockable::lock() () at /opt/ros/foxy/lib/librclcpp.so
#5  0x00007ffff7ed64b9 in rclcpp::executors::MultiThreadedExecutor::run(unsigned long) () at /opt/ros/foxy/lib/librclcpp.so
#6  0x00007fffd2b66793 in  () at /usr/lib/x86_64-linux-gnu/libstdc++.so.6
#7  0x00007fffda3c0609 in start_thread (arg=<optimized out>) at pthread_create.c:477
#8  0x00007fffd2986353 in clone () at ../sysdeps/unix/sysv/linux/x86_64/clone.S:95

Thread 42 (Thread 0x7ffef9ff3000 (LWP 551394) "multi_cam_node"):
#0  futex_wait_cancelable (private=<optimized out>, expected=0, futex_word=0x7fff000015c8) at ../sysdeps/nptl/futex-internal.h:183
#1  __pthread_cond_wait_common (abstime=0x0, clockid=0, mutex=0x7fff000015d0, cond=0x7fff000015a0) at pthread_cond_wait.c:508
#2  __pthread_cond_wait (cond=0x7fff000015a0, mutex=0x7fff000015d0) at pthread_cond_wait.c:647
#3  0x00007fffd2b35137 in std::condition_variable::wait(std::unique_lock<std::mutex>&) () at /usr/lib/x86_64-linux-gnu/libstdc++.so.6
#4  0x00007ffff7eca8c4 in rclcpp::detail::MutexTwoPriorities::LowPriorityLockable::lock() () at /opt/ros/foxy/lib/librclcpp.so
#5  0x00007ffff7ed64b9 in rclcpp::executors::MultiThreadedExecutor::run(unsigned long) () at /opt/ros/foxy/lib/librclcpp.so
#6  0x00007fffd2b66793 in  () at /usr/lib/x86_64-linux-gnu/libstdc++.so.6
#7  0x00007fffda3c0609 in start_thread (arg=<optimized out>) at pthread_create.c:477
#8  0x00007fffd2986353 in clone () at ../sysdeps/unix/sysv/linux/x86_64/clone.S:95

Thread 41 (Thread 0x7ffefa7f4000 (LWP 551393) "multi_cam_node"):
#0  futex_wait_cancelable (private=<optimized out>, expected=0, futex_word=0x7fff000015c8) at ../sysdeps/nptl/futex-internal.h:183
#1  __pthread_cond_wait_common (abstime=0x0, clockid=0, mutex=0x7fff000015d0, cond=0x7fff000015a0) at pthread_cond_wait.c:508
#2  __pthread_cond_wait (cond=0x7fff000015a0, mutex=0x7fff000015d0) at pthread_cond_wait.c:647
#3  0x00007fffd2b35137 in std::condition_variable::wait(std::unique_lock<std::mutex>&) () at /usr/lib/x86_64-linux-gnu/libstdc++.so.6
#4  0x00007ffff7eca8c4 in rclcpp::detail::MutexTwoPriorities::LowPriorityLockable::lock() () at /opt/ros/foxy/lib/librclcpp.so
#5  0x00007ffff7ed64b9 in rclcpp::executors::MultiThreadedExecutor::run(unsigned long) () at /opt/ros/foxy/lib/librclcpp.so
#6  0x00007fffd2b66793 in  () at /usr/lib/x86_64-linux-gnu/libstdc++.so.6
#7  0x00007fffda3c0609 in start_thread (arg=<optimized out>) at pthread_create.c:477
#8  0x00007fffd2986353 in clone () at ../sysdeps/unix/sysv/linux/x86_64/clone.S:95

Thread 40 (Thread 0x7ffefaff5000 (LWP 551392) "multi_cam_node"):
#0  futex_wait_cancelable (private=<optimized out>, expected=0, futex_word=0x7fff000015c8) at ../sysdeps/nptl/futex-internal.h:183
#1  __pthread_cond_wait_common (abstime=0x0, clockid=0, mutex=0x7fff000015d0, cond=0x7fff000015a0) at pthread_cond_wait.c:508
#2  __pthread_cond_wait (cond=0x7fff000015a0, mutex=0x7fff000015d0) at pthread_cond_wait.c:647
#3  0x00007fffd2b35137 in std::condition_variable::wait(std::unique_lock<std::mutex>&) () at /usr/lib/x86_64-linux-gnu/libstdc++.so.6
#4  0x00007ffff7eca8c4 in rclcpp::detail::MutexTwoPriorities::LowPriorityLockable::lock() () at /opt/ros/foxy/lib/librclcpp.so
#5  0x00007ffff7ed64b9 in rclcpp::executors::MultiThreadedExecutor::run(unsigned long) () at /opt/ros/foxy/lib/librclcpp.so
#6  0x00007fffd2b66793 in  () at /usr/lib/x86_64-linux-gnu/libstdc++.so.6
#7  0x00007fffda3c0609 in start_thread (arg=<optimized out>) at pthread_create.c:477
#8  0x00007fffd2986353 in clone () at ../sysdeps/unix/sysv/linux/x86_64/clone.S:95

Thread 39 (Thread 0x7ffefb7f6000 (LWP 551391) "multi_cam_node"):
#0  futex_wait_cancelable (private=<optimized out>, expected=0, futex_word=0x7fff000015c8) at ../sysdeps/nptl/futex-internal.h:183
#1  __pthread_cond_wait_common (abstime=0x0, clockid=0, mutex=0x7fff000015d0, cond=0x7fff000015a0) at pthread_cond_wait.c:508
#2  __pthread_cond_wait (cond=0x7fff000015a0, mutex=0x7fff000015d0) at pthread_cond_wait.c:647
#3  0x00007fffd2b35137 in std::condition_variable::wait(std::unique_lock<std::mutex>&) () at /usr/lib/x86_64-linux-gnu/libstdc++.so.6
#4  0x00007ffff7eca8c4 in rclcpp::detail::MutexTwoPriorities::LowPriorityLockable::lock() () at /opt/ros/foxy/lib/librclcpp.so
#5  0x00007ffff7ed64b9 in rclcpp::executors::MultiThreadedExecutor::run(unsigned long) () at /opt/ros/foxy/lib/librclcpp.so
#6  0x00007fffd2b66793 in  () at /usr/lib/x86_64-linux-gnu/libstdc++.so.6
#7  0x00007fffda3c0609 in start_thread (arg=<optimized out>) at pthread_create.c:477
#8  0x00007fffd2986353 in clone () at ../sysdeps/unix/sysv/linux/x86_64/clone.S:95

Thread 38 (Thread 0x7ffefbff7000 (LWP 551390) "multi_cam_node"):
#0  futex_wait_cancelable (private=<optimized out>, expected=0, futex_word=0x7fff000015c8) at ../sysdeps/nptl/futex-internal.h:183
#1  __pthread_cond_wait_common (abstime=0x0, clockid=0, mutex=0x7fff000015d0, cond=0x7fff000015a0) at pthread_cond_wait.c:508
#2  __pthread_cond_wait (cond=0x7fff000015a0, mutex=0x7fff000015d0) at pthread_cond_wait.c:647
#3  0x00007fffd2b35137 in std::condition_variable::wait(std::unique_lock<std::mutex>&) () at /usr/lib/x86_64-linux-gnu/libstdc++.so.6
#4  0x00007ffff7eca8c4 in rclcpp::detail::MutexTwoPriorities::LowPriorityLockable::lock() () at /opt/ros/foxy/lib/librclcpp.so
#5  0x00007ffff7ed64b9 in rclcpp::executors::MultiThreadedExecutor::run(unsigned long) () at /opt/ros/foxy/lib/librclcpp.so
#6  0x00007fffd2b66793 in  () at /usr/lib/x86_64-linux-gnu/libstdc++.so.6
#7  0x00007fffda3c0609 in start_thread (arg=<optimized out>) at pthread_create.c:477
#8  0x00007fffd2986353 in clone () at ../sysdeps/unix/sysv/linux/x86_64/clone.S:95

Thread 37 (Thread 0x7ffefc7f8000 (LWP 551389) "multi_cam_node"):
#0  futex_wait_cancelable (private=<optimized out>, expected=0, futex_word=0x7fff000015c8) at ../sysdeps/nptl/futex-internal.h:183
#1  __pthread_cond_wait_common (abstime=0x0, clockid=0, mutex=0x7fff000015d0, cond=0x7fff000015a0) at pthread_cond_wait.c:508
#2  __pthread_cond_wait (cond=0x7fff000015a0, mutex=0x7fff000015d0) at pthread_cond_wait.c:647
#3  0x00007fffd2b35137 in std::condition_variable::wait(std::unique_lock<std::mutex>&) () at /usr/lib/x86_64-linux-gnu/libstdc++.so.6
#4  0x00007ffff7eca8c4 in rclcpp::detail::MutexTwoPriorities::LowPriorityLockable::lock() () at /opt/ros/foxy/lib/librclcpp.so
#5  0x00007ffff7ed64b9 in rclcpp::executors::MultiThreadedExecutor::run(unsigned long) () at /opt/ros/foxy/lib/librclcpp.so
#6  0x00007fffd2b66793 in  () at /usr/lib/x86_64-linux-gnu/libstdc++.so.6
#7  0x00007fffda3c0609 in start_thread (arg=<optimized out>) at pthread_create.c:477
#8  0x00007fffd2986353 in clone () at ../sysdeps/unix/sysv/linux/x86_64/clone.S:95

Thread 36 (Thread 0x7ffefcff9000 (LWP 551388) "multi_cam_node"):
#0  futex_wait_cancelable (private=<optimized out>, expected=0, futex_word=0x7fff000015c8) at ../sysdeps/nptl/futex-internal.h:183
#1  __pthread_cond_wait_common (abstime=0x0, clockid=0, mutex=0x7fff000015d0, cond=0x7fff000015a0) at pthread_cond_wait.c:508
#2  __pthread_cond_wait (cond=0x7fff000015a0, mutex=0x7fff000015d0) at pthread_cond_wait.c:647
#3  0x00007fffd2b35137 in std::condition_variable::wait(std::unique_lock<std::mutex>&) () at /usr/lib/x86_64-linux-gnu/libstdc++.so.6
#4  0x00007ffff7eca8c4 in rclcpp::detail::MutexTwoPriorities::LowPriorityLockable::lock() () at /opt/ros/foxy/lib/librclcpp.so
#5  0x00007ffff7ed64b9 in rclcpp::executors::MultiThreadedExecutor::run(unsigned long) () at /opt/ros/foxy/lib/librclcpp.so
#6  0x00007fffd2b66793 in  () at /usr/lib/x86_64-linux-gnu/libstdc++.so.6
#7  0x00007fffda3c0609 in start_thread (arg=<optimized out>) at pthread_create.c:477
#8  0x00007fffd2986353 in clone () at ../sysdeps/unix/sysv/linux/x86_64/clone.S:95

Thread 35 (Thread 0x7ffefd7fa000 (LWP 551387) "multi_cam_node"):
#0  futex_wait_cancelable (private=<optimized out>, expected=0, futex_word=0x7fff000015c8) at ../sysdeps/nptl/futex-internal.h:183
#1  __pthread_cond_wait_common (abstime=0x0, clockid=0, mutex=0x7fff000015d0, cond=0x7fff000015a0) at pthread_cond_wait.c:508
#2  __pthread_cond_wait (cond=0x7fff000015a0, mutex=0x7fff000015d0) at pthread_cond_wait.c:647
#3  0x00007fffd2b35137 in std::condition_variable::wait(std::unique_lock<std::mutex>&) () at /usr/lib/x86_64-linux-gnu/libstdc++.so.6
#4  0x00007ffff7eca8c4 in rclcpp::detail::MutexTwoPriorities::LowPriorityLockable::lock() () at /opt/ros/foxy/lib/librclcpp.so
#5  0x00007ffff7ed64b9 in rclcpp::executors::MultiThreadedExecutor::run(unsigned long) () at /opt/ros/foxy/lib/librclcpp.so
#6  0x00007fffd2b66793 in  () at /usr/lib/x86_64-linux-gnu/libstdc++.so.6
#7  0x00007fffda3c0609 in start_thread (arg=<optimized out>) at pthread_create.c:477
#8  0x00007fffd2986353 in clone () at ../sysdeps/unix/sysv/linux/x86_64/clone.S:95

Thread 34 (Thread 0x7ffefdffb000 (LWP 551386) "multi_cam_node"):
#0  futex_wait_cancelable (private=<optimized out>, expected=0, futex_word=0x7fff000015c8) at ../sysdeps/nptl/futex-internal.h:183
#1  __pthread_cond_wait_common (abstime=0x0, clockid=0, mutex=0x7fff000015d0, cond=0x7fff000015a0) at pthread_cond_wait.c:508
#2  __pthread_cond_wait (cond=0x7fff000015a0, mutex=0x7fff000015d0) at pthread_cond_wait.c:647
#3  0x00007fffd2b35137 in std::condition_variable::wait(std::unique_lock<std::mutex>&) () at /usr/lib/x86_64-linux-gnu/libstdc++.so.6
#4  0x00007ffff7eca8c4 in rclcpp::detail::MutexTwoPriorities::LowPriorityLockable::lock() () at /opt/ros/foxy/lib/librclcpp.so
#5  0x00007ffff7ed64b9 in rclcpp::executors::MultiThreadedExecutor::run(unsigned long) () at /opt/ros/foxy/lib/librclcpp.so
#6  0x00007fffd2b66793 in  () at /usr/lib/x86_64-linux-gnu/libstdc++.so.6
#7  0x00007fffda3c0609 in start_thread (arg=<optimized out>) at pthread_create.c:477
#8  0x00007fffd2986353 in clone () at ../sysdeps/unix/sysv/linux/x86_64/clone.S:95

Thread 33 (Thread 0x7ffefe7fc000 (LWP 551385) "multi_cam_node"):
#0  futex_wait_cancelable (private=<optimized out>, expected=0, futex_word=0x7fff000015c8) at ../sysdeps/nptl/futex-internal.h:183
#1  __pthread_cond_wait_common (abstime=0x0, clockid=0, mutex=0x7fff000015d0, cond=0x7fff000015a0) at pthread_cond_wait.c:508
#2  __pthread_cond_wait (cond=0x7fff000015a0, mutex=0x7fff000015d0) at pthread_cond_wait.c:647
#3  0x00007fffd2b35137 in std::condition_variable::wait(std::unique_lock<std::mutex>&) () at /usr/lib/x86_64-linux-gnu/libstdc++.so.6
#4  0x00007ffff7eca8c4 in rclcpp::detail::MutexTwoPriorities::LowPriorityLockable::lock() () at /opt/ros/foxy/lib/librclcpp.so
#5  0x00007ffff7ed64b9 in rclcpp::executors::MultiThreadedExecutor::run(unsigned long) () at /opt/ros/foxy/lib/librclcpp.so
#6  0x00007fffd2b66793 in  () at /usr/lib/x86_64-linux-gnu/libstdc++.so.6
#7  0x00007fffda3c0609 in start_thread (arg=<optimized out>) at pthread_create.c:477
#8  0x00007fffd2986353 in clone () at ../sysdeps/unix/sysv/linux/x86_64/clone.S:95

Thread 32 (Thread 0x7ffefeffd000 (LWP 551384) "multi_cam_node"):
#0  futex_wait_cancelable (private=<optimized out>, expected=0, futex_word=0x7fff000015c8) at ../sysdeps/nptl/futex-internal.h:183
#1  __pthread_cond_wait_common (abstime=0x0, clockid=0, mutex=0x7fff000015d0, cond=0x7fff000015a0) at pthread_cond_wait.c:508
#2  __pthread_cond_wait (cond=0x7fff000015a0, mutex=0x7fff000015d0) at pthread_cond_wait.c:647
#3  0x00007fffd2b35137 in std::condition_variable::wait(std::unique_lock<std::mutex>&) () at /usr/lib/x86_64-linux-gnu/libstdc++.so.6
#4  0x00007ffff7eca8c4 in rclcpp::detail::MutexTwoPriorities::LowPriorityLockable::lock() () at /opt/ros/foxy/lib/librclcpp.so
#5  0x00007ffff7ed64b9 in rclcpp::executors::MultiThreadedExecutor::run(unsigned long) () at /opt/ros/foxy/lib/librclcpp.so
#6  0x00007fffd2b66793 in  () at /usr/lib/x86_64-linux-gnu/libstdc++.so.6
#7  0x00007fffda3c0609 in start_thread (arg=<optimized out>) at pthread_create.c:477
#8  0x00007fffd2986353 in clone () at ../sysdeps/unix/sysv/linux/x86_64/clone.S:95

Thread 31 (Thread 0x7ffeff7fe000 (LWP 551383) "multi_cam_node"):
#0  futex_wait_cancelable (private=<optimized out>, expected=0, futex_word=0x7fff000015c8) at ../sysdeps/nptl/futex-internal.h:183
#1  __pthread_cond_wait_common (abstime=0x0, clockid=0, mutex=0x7fff000015d0, cond=0x7fff000015a0) at pthread_cond_wait.c:508
#2  __pthread_cond_wait (cond=0x7fff000015a0, mutex=0x7fff000015d0) at pthread_cond_wait.c:647
#3  0x00007fffd2b35137 in std::condition_variable::wait(std::unique_lock<std::mutex>&) () at /usr/lib/x86_64-linux-gnu/libstdc++.so.6
#4  0x00007ffff7eca8c4 in rclcpp::detail::MutexTwoPriorities::LowPriorityLockable::lock() () at /opt/ros/foxy/lib/librclcpp.so
#5  0x00007ffff7ed64b9 in rclcpp::executors::MultiThreadedExecutor::run(unsigned long) () at /opt/ros/foxy/lib/librclcpp.so
#6  0x00007fffd2b66793 in  () at /usr/lib/x86_64-linux-gnu/libstdc++.so.6
#7  0x00007fffda3c0609 in start_thread (arg=<optimized out>) at pthread_create.c:477
#8  0x00007fffd2986353 in clone () at ../sysdeps/unix/sysv/linux/x86_64/clone.S:95

Thread 30 (Thread 0x7ffefffff000 (LWP 551382) "multi_cam_node"):
#0  futex_wait_cancelable (private=<optimized out>, expected=0, futex_word=0x7fff000015c8) at ../sysdeps/nptl/futex-internal.h:183
#1  __pthread_cond_wait_common (abstime=0x0, clockid=0, mutex=0x7fff000015d0, cond=0x7fff000015a0) at pthread_cond_wait.c:508
#2  __pthread_cond_wait (cond=0x7fff000015a0, mutex=0x7fff000015d0) at pthread_cond_wait.c:647
#3  0x00007fffd2b35137 in std::condition_variable::wait(std::unique_lock<std::mutex>&) () at /usr/lib/x86_64-linux-gnu/libstdc++.so.6
#4  0x00007ffff7eca8c4 in rclcpp::detail::MutexTwoPriorities::LowPriorityLockable::lock() () at /opt/ros/foxy/lib/librclcpp.so
#5  0x00007ffff7ed64b9 in rclcpp::executors::MultiThreadedExecutor::run(unsigned long) () at /opt/ros/foxy/lib/librclcpp.so
#6  0x00007fffd2b66793 in  () at /usr/lib/x86_64-linux-gnu/libstdc++.so.6
#7  0x00007fffda3c0609 in start_thread (arg=<optimized out>) at pthread_create.c:477
#8  0x00007fffd2986353 in clone () at ../sysdeps/unix/sysv/linux/x86_64/clone.S:95

Thread 29 (Thread 0x7fff08ff9000 (LWP 551381) "multi_cam_node"):
#0  futex_wait_cancelable (private=<optimized out>, expected=0, futex_word=0x7fff000015c8) at ../sysdeps/nptl/futex-internal.h:183
#1  __pthread_cond_wait_common (abstime=0x0, clockid=0, mutex=0x7fff000015d0, cond=0x7fff000015a0) at pthread_cond_wait.c:508
#2  __pthread_cond_wait (cond=0x7fff000015a0, mutex=0x7fff000015d0) at pthread_cond_wait.c:647
#3  0x00007fffd2b35137 in std::condition_variable::wait(std::unique_lock<std::mutex>&) () at /usr/lib/x86_64-linux-gnu/libstdc++.so.6
#4  0x00007ffff7eca8c4 in rclcpp::detail::MutexTwoPriorities::LowPriorityLockable::lock() () at /opt/ros/foxy/lib/librclcpp.so
#5  0x00007ffff7ed64b9 in rclcpp::executors::MultiThreadedExecutor::run(unsigned long) () at /opt/ros/foxy/lib/librclcpp.so
#6  0x00007fffd2b66793 in  () at /usr/lib/x86_64-linux-gnu/libstdc++.so.6
#7  0x00007fffda3c0609 in start_thread (arg=<optimized out>) at pthread_create.c:477
#8  0x00007fffd2986353 in clone () at ../sysdeps/unix/sysv/linux/x86_64/clone.S:95

Thread 28 (Thread 0x7fff097fa000 (LWP 551380) "multi_cam_node"):
#0  futex_wait_cancelable (private=<optimized out>, expected=0, futex_word=0x7fff000015c8) at ../sysdeps/nptl/futex-internal.h:183
#1  __pthread_cond_wait_common (abstime=0x0, clockid=0, mutex=0x7fff000015d0, cond=0x7fff000015a0) at pthread_cond_wait.c:508
#2  __pthread_cond_wait (cond=0x7fff000015a0, mutex=0x7fff000015d0) at pthread_cond_wait.c:647
#3  0x00007fffd2b35137 in std::condition_variable::wait(std::unique_lock<std::mutex>&) () at /usr/lib/x86_64-linux-gnu/libstdc++.so.6
#4  0x00007ffff7eca8c4 in rclcpp::detail::MutexTwoPriorities::LowPriorityLockable::lock() () at /opt/ros/foxy/lib/librclcpp.so
#5  0x00007ffff7ed64b9 in rclcpp::executors::MultiThreadedExecutor::run(unsigned long) () at /opt/ros/foxy/lib/librclcpp.so
#6  0x00007fffd2b66793 in  () at /usr/lib/x86_64-linux-gnu/libstdc++.so.6
#7  0x00007fffda3c0609 in start_thread (arg=<optimized out>) at pthread_create.c:477
#8  0x00007fffd2986353 in clone () at ../sysdeps/unix/sysv/linux/x86_64/clone.S:95

Thread 27 (Thread 0x7fff09ffb000 (LWP 551379) "multi_cam_node"):
#0  futex_wait_cancelable (private=<optimized out>, expected=0, futex_word=0x7fff000015c8) at ../sysdeps/nptl/futex-internal.h:183
#1  __pthread_cond_wait_common (abstime=0x0, clockid=0, mutex=0x7fff000015d0, cond=0x7fff000015a0) at pthread_cond_wait.c:508
#2  __pthread_cond_wait (cond=0x7fff000015a0, mutex=0x7fff000015d0) at pthread_cond_wait.c:647
#3  0x00007fffd2b35137 in std::condition_variable::wait(std::unique_lock<std::mutex>&) () at /usr/lib/x86_64-linux-gnu/libstdc++.so.6
#4  0x00007ffff7eca8c4 in rclcpp::detail::MutexTwoPriorities::LowPriorityLockable::lock() () at /opt/ros/foxy/lib/librclcpp.so
#5  0x00007ffff7ed64b9 in rclcpp::executors::MultiThreadedExecutor::run(unsigned long) () at /opt/ros/foxy/lib/librclcpp.so
#6  0x00007fffd2b66793 in  () at /usr/lib/x86_64-linux-gnu/libstdc++.so.6
#7  0x00007fffda3c0609 in start_thread (arg=<optimized out>) at pthread_create.c:477
#8  0x00007fffd2986353 in clone () at ../sysdeps/unix/sysv/linux/x86_64/clone.S:95

Thread 26 (Thread 0x7fff0a7fc000 (LWP 551378) "multi_cam_node"):
#0  futex_wait_cancelable (private=<optimized out>, expected=0, futex_word=0x7fff000015cc) at ../sysdeps/nptl/futex-internal.h:183
#1  __pthread_cond_wait_common (abstime=0x0, clockid=0, mutex=0x7fff000015d0, cond=0x7fff000015a0) at pthread_cond_wait.c:508
#2  __pthread_cond_wait (cond=0x7fff000015a0, mutex=0x7fff000015d0) at pthread_cond_wait.c:647
#3  0x00007fffd2b35137 in std::condition_variable::wait(std::unique_lock<std::mutex>&) () at /usr/lib/x86_64-linux-gnu/libstdc++.so.6
#4  0x00007ffff7eca8c4 in rclcpp::detail::MutexTwoPriorities::LowPriorityLockable::lock() () at /opt/ros/foxy/lib/librclcpp.so
#5  0x00007ffff7ed64b9 in rclcpp::executors::MultiThreadedExecutor::run(unsigned long) () at /opt/ros/foxy/lib/librclcpp.so
#6  0x00007fffd2b66793 in  () at /usr/lib/x86_64-linux-gnu/libstdc++.so.6
#7  0x00007fffda3c0609 in start_thread (arg=<optimized out>) at pthread_create.c:477
#8  0x00007fffd2986353 in clone () at ../sysdeps/unix/sysv/linux/x86_64/clone.S:95

Thread 25 (Thread 0x7fff0affd000 (LWP 551377) "multi_cam_node"):
#0  0x00007fffd294423f in __GI___clock_nanosleep (clock_id=clock_id@entry=0, flags=flags@entry=0, req=0x7fff0afef7c0, rem=0x7fff0afef7c0) at ../sysdeps/unix/sysv/linux/clock_nanosleep.c:78
#1  0x00007fffd2949ec7 in __GI___nanosleep (requested_time=<optimized out>, remaining=<optimized out>) at nanosleep.c:27
#2  0x000055555556b4f5 in sync::TimeSyncNode::loop() ()
#3  0x00007fffd2b66793 in  () at /usr/lib/x86_64-linux-gnu/libstdc++.so.6
#4  0x00007fffda3c0609 in start_thread (arg=<optimized out>) at pthread_create.c:477
#5  0x00007fffd2986353 in clone () at ../sysdeps/unix/sysv/linux/x86_64/clone.S:95

Thread 24 (Thread 0x7fff0b7fe000 (LWP 551376) "multi_cam_node"):
#0  futex_wait_cancelable (private=<optimized out>, expected=0, futex_word=0x7fff000015cc) at ../sysdeps/nptl/futex-internal.h:183
#1  __pthread_cond_wait_common (abstime=0x0, clockid=0, mutex=0x7fff000015d0, cond=0x7fff000015a0) at pthread_cond_wait.c:508
#2  __pthread_cond_wait (cond=0x7fff000015a0, mutex=0x7fff000015d0) at pthread_cond_wait.c:647
#3  0x00007fffd2b35137 in std::condition_variable::wait(std::unique_lock<std::mutex>&) () at /usr/lib/x86_64-linux-gnu/libstdc++.so.6
#4  0x00007ffff7eca8c4 in rclcpp::detail::MutexTwoPriorities::LowPriorityLockable::lock() () at /opt/ros/foxy/lib/librclcpp.so
#5  0x00007ffff7ed64b9 in rclcpp::executors::MultiThreadedExecutor::run(unsigned long) () at /opt/ros/foxy/lib/librclcpp.so
#6  0x00007fffd2b66793 in  () at /usr/lib/x86_64-linux-gnu/libstdc++.so.6
#7  0x00007fffda3c0609 in start_thread (arg=<optimized out>) at pthread_create.c:477
#8  0x00007fffd2986353 in clone () at ../sysdeps/unix/sysv/linux/x86_64/clone.S:95

Thread 23 (Thread 0x7fff0bfff000 (LWP 551375) "multi_cam_node"):
#0  futex_wait_cancelable (private=<optimized out>, expected=0, futex_word=0x7fff00001408) at ../sysdeps/nptl/futex-internal.h:183
#1  __pthread_cond_wait_common (abstime=0x0, clockid=0, mutex=0x7fff00001410, cond=0x7fff000013e0) at pthread_cond_wait.c:508
#2  __pthread_cond_wait (cond=0x7fff000013e0, mutex=0x7fff00001410) at pthread_cond_wait.c:647
#3  0x00007fffd2b35137 in std::condition_variable::wait(std::unique_lock<std::mutex>&) () at /usr/lib/x86_64-linux-gnu/libstdc++.so.6
#4  0x00007fffaab1396f in rmw_fastrtps_shared_cpp::__rmw_wait(char const*, rmw_subscriptions_t*, rmw_guard_conditions_t*, rmw_services_t*, rmw_clients_t*, rmw_events_t*, rmw_wait_set_t*, rmw_time_t const*) () at /opt/ros/foxy/lib/librmw_fastrtps_shared_cpp.so
#5  0x00007fffaab55eea in rmw_wait () at /opt/ros/foxy/lib/librmw_fastrtps_cpp.so
#6  0x00007fffd284bd27 in rcl_wait () at /opt/ros/foxy/lib/librcl.so
#7  0x00007ffff7ecff69 in rclcpp::Executor::wait_for_work(std::chrono::duration<long, std::ratio<1l, 1000000000l> >) () at /opt/ros/foxy/lib/librclcpp.so
#8  0x00007ffff7ed0313 in rclcpp::Executor::get_next_executable(rclcpp::AnyExecutable&, std::chrono::duration<long, std::ratio<1l, 1000000000l> >) () at /opt/ros/foxy/lib/librclcpp.so
#9  0x00007ffff7ed6549 in rclcpp::executors::MultiThreadedExecutor::run(unsigned long) () at /opt/ros/foxy/lib/librclcpp.so
#10 0x00007ffff7ed6d2b in rclcpp::executors::MultiThreadedExecutor::spin() () at /opt/ros/foxy/lib/librclcpp.so
#11 0x000055555556b288 in sync::TimeSyncNode::start()::{lambda()#1}::operator()() const [clone .isra.0] ()
#12 0x00007fffd2b66793 in  () at /usr/lib/x86_64-linux-gnu/libstdc++.so.6
#13 0x00007fffda3c0609 in start_thread (arg=<optimized out>) at pthread_create.c:477
#14 0x00007fffd2986353 in clone () at ../sysdeps/unix/sysv/linux/x86_64/clone.S:95

Thread 22 (Thread 0x7fff24db2000 (LWP 551374) "multi_cam_node"):
#0  futex_abstimed_wait_cancelable (private=<optimized out>, abstime=0x7fff24da4700, clockid=<optimized out>, expected=0, futex_word=0x5555556082ec <ui::ui_cv+44>) at ../sysdeps/nptl/futex-internal.h:320
#1  __pthread_cond_wait_common (abstime=0x7fff24da4700, clockid=<optimized out>, mutex=0x555555608300 <ui::ui_mtx>, cond=0x5555556082c0 <ui::ui_cv>) at pthread_cond_wait.c:520
#2  __pthread_cond_timedwait (cond=0x5555556082c0 <ui::ui_cv>, mutex=0x555555608300 <ui::ui_mtx>, abstime=0x7fff24da4700) at pthread_cond_wait.c:665
#3  0x000055555556e655 in ui::UiThreadFunc(std::vector<std::shared_ptr<video::VideoStream>, std::allocator<std::shared_ptr<video::VideoStream> > >, cv::Size_<int>) ()
#4  0x000055555556605d in std::thread::_State_impl<std::thread::_Invoker<std::tuple<void (*)(std::vector<std::shared_ptr<video::VideoStream>, std::allocator<std::shared_ptr<video::VideoStream> > >, cv::Size_<int>), std::reference_wrapper<std::vector<std::shared_ptr<video::VideoStream>, std::allocator<std::shared_ptr<video::VideoStream> > > >, cv::Size_<int> > > >::_M_run() ()
#5  0x00007fffd2b66793 in  () at /usr/lib/x86_64-linux-gnu/libstdc++.so.6
#6  0x00007fffda3c0609 in start_thread (arg=<optimized out>) at pthread_create.c:477
#7  0x00007fffd2986353 in clone () at ../sysdeps/unix/sysv/linux/x86_64/clone.S:95

Thread 21 (Thread 0x7fff255b3000 (LWP 551373) "multi_cam_node"):
#0  0x00007fffda34f5ef in cv::opt_AVX2::(anonymous namespace)::initUndistortRectifyMapComputer::operator()(cv::Range const&) const () at /usr/local/lib/libopencv_calib3d.so.406
#1  0x00007fffd49f6aa7 in cv::parallel_for_(cv::Range const&, cv::ParallelLoopBody const&, double) () at /usr/local/lib/libopencv_core.so.406
#2  0x00007fffda2cd7ae in cv::initUndistortRectifyMap(cv::_InputArray const&, cv::_InputArray const&, cv::_InputArray const&, cv::_InputArray const&, cv::Size_<int>, int, cv::_OutputArray const&, cv::_OutputArray const&) () at /usr/local/lib/libopencv_calib3d.so.406
#3  0x00007fffda2ce42d in cv::undistort(cv::_InputArray const&, cv::_OutputArray const&, cv::_InputArray const&, cv::_InputArray const&, cv::_InputArray const&) () at /usr/local/lib/libopencv_calib3d.so.406
#4  0x000055555556bd14 in calib::CameraCalibrator::undistort(cv::Mat const&) ()
#5  0x00005555555691cc in video::VideoStream::inferenceLoop() ()
#6  0x00007fffd2b66793 in  () at /usr/lib/x86_64-linux-gnu/libstdc++.so.6
#7  0x00007fffda3c0609 in start_thread (arg=<optimized out>) at pthread_create.c:477
#8  0x00007fffd2986353 in clone () at ../sysdeps/unix/sysv/linux/x86_64/clone.S:95

Thread 20 (Thread 0x7fff25db4000 (LWP 551372) "multi_cam_node"):
#0  0x00007fffd2979bbf in __GI___poll (fds=0x7fff25d9ea60, nfds=1, timeout=100) at ../sysdeps/unix/sysv/linux/poll.c:29
#1  0x00007fffd45b06b0 in  () at /usr/lib/x86_64-linux-gnu/libavformat.so.58
#2  0x00007fffd45b0732 in  () at /usr/lib/x86_64-linux-gnu/libavformat.so.58
#3  0x00007fffd4613982 in  () at /usr/lib/x86_64-linux-gnu/libavformat.so.58
#4  0x00007fffd44d67e5 in  () at /usr/lib/x86_64-linux-gnu/libavformat.so.58
#5  0x00007fffd45f3edd in  () at /usr/lib/x86_64-linux-gnu/libavformat.so.58
#6  0x00007fffd45f931d in  () at /usr/lib/x86_64-linux-gnu/libavformat.so.58
#7  0x00007fffd45f4785 in  () at /usr/lib/x86_64-linux-gnu/libavformat.so.58
#8  0x00007fffd45f775b in  () at /usr/lib/x86_64-linux-gnu/libavformat.so.58
#9  0x00007fffd4624e63 in  () at /usr/lib/x86_64-linux-gnu/libavformat.so.58
#10 0x00007fffd462572b in  () at /usr/lib/x86_64-linux-gnu/libavformat.so.58
#11 0x00007fffd46265b8 in av_read_frame () at /usr/lib/x86_64-linux-gnu/libavformat.so.58
#12 0x000055555556899f in video::VideoStream::captureLoop() ()
#13 0x00007fffd2b66793 in  () at /usr/lib/x86_64-linux-gnu/libstdc++.so.6
#14 0x00007fffda3c0609 in start_thread (arg=<optimized out>) at pthread_create.c:477
#15 0x00007fffd2986353 in clone () at ../sysdeps/unix/sysv/linux/x86_64/clone.S:95

Thread 19 (Thread 0x7fff54ffd000 (LWP 551371) "multi_cam_node"):
#0  0x00007fffab64a4fd in  () at /usr/lib/x86_64-linux-gnu/libcuda.so
#1  0x00007fffab7b1fc5 in  () at /usr/lib/x86_64-linux-gnu/libcuda.so
#2  0x00007fffab42f4cd in  () at /usr/lib/x86_64-linux-gnu/libcuda.so
#3  0x00007fffab66fc6c in  () at /usr/lib/x86_64-linux-gnu/libcuda.so
#4  0x00007fffab66fe33 in  () at /usr/lib/x86_64-linux-gnu/libcuda.so
#5  0x00007fffab7a91eb in  () at /usr/lib/x86_64-linux-gnu/libcuda.so
#6  0x00007fffab3e7f06 in  () at /usr/lib/x86_64-linux-gnu/libcuda.so
#7  0x00007fffab3e8319 in  () at /usr/lib/x86_64-linux-gnu/libcuda.so
#8  0x00007fffab3e9157 in  () at /usr/lib/x86_64-linux-gnu/libcuda.so
#9  0x00007fffab5d8181 in  () at /usr/lib/x86_64-linux-gnu/libcuda.so
#10 0x00005555555a43d9 in __cudart601 ()
#11 0x000055555557758d in __cudart738 ()
#12 0x00005555555c89c5 in cudaMemcpyAsync ()
#13 0x000055555556c81a in detectPerson::YOLOv5TRTDetector::detect(cv::Mat&, std::vector<detectPerson::DetectResult, std::allocator<detectPerson::DetectResult> >&, detectPerson::YOLOv5TRTDetector::Context&) ()
#14 0x00005555555691ff in video::VideoStream::inferenceLoop() ()
#15 0x00007fffd2b66793 in  () at /usr/lib/x86_64-linux-gnu/libstdc++.so.6
#16 0x00007fffda3c0609 in start_thread (arg=<optimized out>) at pthread_create.c:477
#17 0x00007fffd2986353 in clone () at ../sysdeps/unix/sysv/linux/x86_64/clone.S:95

Thread 18 (Thread 0x7fff557fe000 (LWP 551370) "multi_cam_node"):
#0  0x00007fffd2979bbf in __GI___poll (fds=0x7fff557e8a60, nfds=1, timeout=100) at ../sysdeps/unix/sysv/linux/poll.c:29
#1  0x00007fffd45b06b0 in  () at /usr/lib/x86_64-linux-gnu/libavformat.so.58
#2  0x00007fffd45b0732 in  () at /usr/lib/x86_64-linux-gnu/libavformat.so.58
#3  0x00007fffd4613982 in  () at /usr/lib/x86_64-linux-gnu/libavformat.so.58
#4  0x00007fffd44d67e5 in  () at /usr/lib/x86_64-linux-gnu/libavformat.so.58
#5  0x00007fffd45f3edd in  () at /usr/lib/x86_64-linux-gnu/libavformat.so.58
#6  0x00007fffd45f931d in  () at /usr/lib/x86_64-linux-gnu/libavformat.so.58
#7  0x00007fffd45f4785 in  () at /usr/lib/x86_64-linux-gnu/libavformat.so.58
#8  0x00007fffd45f775b in  () at /usr/lib/x86_64-linux-gnu/libavformat.so.58
#9  0x00007fffd4624e63 in  () at /usr/lib/x86_64-linux-gnu/libavformat.so.58
#10 0x00007fffd462572b in  () at /usr/lib/x86_64-linux-gnu/libavformat.so.58
#11 0x00007fffd46265b8 in av_read_frame () at /usr/lib/x86_64-linux-gnu/libavformat.so.58
#12 0x000055555556899f in video::VideoStream::captureLoop() ()
#13 0x00007fffd2b66793 in  () at /usr/lib/x86_64-linux-gnu/libstdc++.so.6
#14 0x00007fffda3c0609 in start_thread (arg=<optimized out>) at pthread_create.c:477
#15 0x00007fffd2986353 in clone () at ../sysdeps/unix/sysv/linux/x86_64/clone.S:95

Thread 17 (Thread 0x7fff55fff000 (LWP 551369) "multi_cam_node"):
#0  0x00007fffda34f275 in cv::opt_AVX2::(anonymous namespace)::initUndistortRectifyMapComputer::operator()(cv::Range const&) const () at /usr/local/lib/libopencv_calib3d.so.406
#1  0x00007fffd49f5eeb in cv::(anonymous namespace)::ParallelLoopBodyWrapper::operator()(cv::Range const&) const () at /usr/local/lib/libopencv_core.so.406
#2  0x00007fffd49f5d3f in cv::parallel_for_cb(int, int, void*) () at /usr/local/lib/libopencv_core.so.406
#3  0x00007fffd4a095ca in tbb::interface9::internal::start_for<tbb::blocked_range<int>, cv::parallel::tbb::ParallelForBackend::CallbackProxy, tbb::auto_partitioner const>::execute() () at /usr/local/lib/libopencv_core.so.406
#4  0x00007fffc82b6545 in  () at /usr/lib/x86_64-linux-gnu/libtbb.so.2
#5  0x00007fffc82b680f in  () at /usr/lib/x86_64-linux-gnu/libtbb.so.2
#6  0x00007fffc82b3b68 in  () at /usr/lib/x86_64-linux-gnu/libtbb.so.2
#7  0x00007fffd4a0a354 in tbb::interface9::internal::start_for<tbb::blocked_range<int>, cv::parallel::tbb::ParallelForBackend::CallbackProxy, tbb::auto_partitioner const>::run(tbb::blocked_range<int> const&, cv::parallel::tbb::ParallelForBackend::CallbackProxy const&, tbb::auto_partitioner const&) () at /usr/local/lib/libopencv_core.so.406
#8  0x00007fffd4a0a3e3 in tbb::interface7::internal::delegated_function<cv::parallel::tbb::ParallelForBackend::CallbackProxy, void>::operator()() const () at /usr/local/lib/libopencv_core.so.406
#9  0x00007fffc82b0e66 in tbb::interface7::internal::task_arena_base::internal_execute(tbb::interface7::internal::delegate_base&) const () at /usr/lib/x86_64-linux-gnu/libtbb.so.2
#10 0x00007fffd4a099e8 in cv::parallel::tbb::ParallelForBackend::parallel_for(int, void (*)(int, int, void*), void*) () at /usr/local/lib/libopencv_core.so.406
#11 0x00007fffd49f6c79 in cv::parallel_for_(cv::Range const&, cv::ParallelLoopBody const&, double) () at /usr/local/lib/libopencv_core.so.406
#12 0x00007fffda2cd7ae in cv::initUndistortRectifyMap(cv::_InputArray const&, cv::_InputArray const&, cv::_InputArray const&, cv::_InputArray const&, cv::Size_<int>, int, cv::_OutputArray const&, cv::_OutputArray const&) () at /usr/local/lib/libopencv_calib3d.so.406
#13 0x00007fffda2ce42d in cv::undistort(cv::_InputArray const&, cv::_OutputArray const&, cv::_InputArray const&, cv::_InputArray const&, cv::_InputArray const&) () at /usr/local/lib/libopencv_calib3d.so.406
#14 0x000055555556bd14 in calib::CameraCalibrator::undistort(cv::Mat const&) ()
#15 0x00005555555691cc in video::VideoStream::inferenceLoop() ()
#16 0x00007fffd2b66793 in  () at /usr/lib/x86_64-linux-gnu/libstdc++.so.6
#17 0x00007fffda3c0609 in start_thread (arg=<optimized out>) at pthread_create.c:477
#18 0x00007fffd2986353 in clone () at ../sysdeps/unix/sysv/linux/x86_64/clone.S:95

Thread 16 (Thread 0x7fff5cfcc000 (LWP 551368) "multi_cam_node"):
#0  0x00007fffd2979bbf in __GI___poll (fds=0x7fff5cfb6a60, nfds=1, timeout=100) at ../sysdeps/unix/sysv/linux/poll.c:29
#1  0x00007fffd45b06b0 in  () at /usr/lib/x86_64-linux-gnu/libavformat.so.58
#2  0x00007fffd45b0732 in  () at /usr/lib/x86_64-linux-gnu/libavformat.so.58
#3  0x00007fffd4613982 in  () at /usr/lib/x86_64-linux-gnu/libavformat.so.58
#4  0x00007fffd44d67e5 in  () at /usr/lib/x86_64-linux-gnu/libavformat.so.58
#5  0x00007fffd45f3edd in  () at /usr/lib/x86_64-linux-gnu/libavformat.so.58
#6  0x00007fffd45f931d in  () at /usr/lib/x86_64-linux-gnu/libavformat.so.58
#7  0x00007fffd45f4785 in  () at /usr/lib/x86_64-linux-gnu/libavformat.so.58
#8  0x00007fffd45f775b in  () at /usr/lib/x86_64-linux-gnu/libavformat.so.58
#9  0x00007fffd4624e63 in  () at /usr/lib/x86_64-linux-gnu/libavformat.so.58
#10 0x00007fffd462572b in  () at /usr/lib/x86_64-linux-gnu/libavformat.so.58
#11 0x00007fffd46265b8 in av_read_frame () at /usr/lib/x86_64-linux-gnu/libavformat.so.58
#12 0x000055555556899f in video::VideoStream::captureLoop() ()
#13 0x00007fffd2b66793 in  () at /usr/lib/x86_64-linux-gnu/libstdc++.so.6
#14 0x00007fffda3c0609 in start_thread (arg=<optimized out>) at pthread_create.c:477
#15 0x00007fffd2986353 in clone () at ../sysdeps/unix/sysv/linux/x86_64/clone.S:95

Thread 15 (Thread 0x7fff5d7cd000 (LWP 551367) "multi_cam_node"):
#0  futex_wait_cancelable (private=<optimized out>, expected=0, futex_word=0x7fff50000ba8) at ../sysdeps/nptl/futex-internal.h:183
#1  __pthread_cond_wait_common (abstime=0x0, clockid=0, mutex=0x7fff50000bb0, cond=0x7fff50000b80) at pthread_cond_wait.c:508
#2  __pthread_cond_wait (cond=0x7fff50000b80, mutex=0x7fff50000bb0) at pthread_cond_wait.c:647
#3  0x00007fffd2b35137 in std::condition_variable::wait(std::unique_lock<std::mutex>&) () at /usr/lib/x86_64-linux-gnu/libstdc++.so.6
#4  0x00007fffaab1396f in rmw_fastrtps_shared_cpp::__rmw_wait(char const*, rmw_subscriptions_t*, rmw_guard_conditions_t*, rmw_services_t*, rmw_clients_t*, rmw_events_t*, rmw_wait_set_t*, rmw_time_t const*) () at /opt/ros/foxy/lib/librmw_fastrtps_shared_cpp.so
#5  0x00007fffaaaff3b8 in  () at /opt/ros/foxy/lib/librmw_fastrtps_shared_cpp.so
#6  0x00007fffd2b66793 in  () at /usr/lib/x86_64-linux-gnu/libstdc++.so.6
#7  0x00007fffda3c0609 in start_thread (arg=<optimized out>) at pthread_create.c:477
#8  0x00007fffd2986353 in clone () at ../sysdeps/unix/sysv/linux/x86_64/clone.S:95

Thread 14 (Thread 0x7fff5dfce000 (LWP 551366) "multi_cam_node"):
#0  futex_wait_cancelable (private=<optimized out>, expected=0, futex_word=0x5555a7607070) at ../sysdeps/nptl/futex-internal.h:183
#1  __pthread_cond_wait_common (abstime=0x0, clockid=0, mutex=0x5555a756a8c0, cond=0x5555a7607048) at pthread_cond_wait.c:508
#2  __pthread_cond_wait (cond=0x5555a7607048, mutex=0x5555a756a8c0) at pthread_cond_wait.c:647
#3  0x00007fffd2b35137 in std::condition_variable::wait(std::unique_lock<std::mutex>&) () at /usr/lib/x86_64-linux-gnu/libstdc++.so.6
#4  0x00007fffa9c00d47 in eprosima::fastrtps::rtps::AsyncWriterThread::run() () at /opt/ros/foxy/lib/libfastrtps.so.2
#5  0x00007fffd2b66793 in  () at /usr/lib/x86_64-linux-gnu/libstdc++.so.6
#6  0x00007fffda3c0609 in start_thread (arg=<optimized out>) at pthread_create.c:477
#7  0x00007fffd2986353 in clone () at ../sysdeps/unix/sysv/linux/x86_64/clone.S:95

Thread 13 (Thread 0x7fff5e7cf000 (LWP 551365) "multi_cam_node"):
#0  0x00007fffda3ca678 in futex_abstimed_wait_cancelable (private=128, abstime=0x7fff5e7c1030, clockid=0, expected=0, futex_word=0x7fffa8060110) at ../sysdeps/nptl/futex-internal.h:320
#1  do_futex_wait (sem=sem@entry=0x7fffa8060110, abstime=abstime@entry=0x7fff5e7c1030, clockid=0) at sem_waitcommon.c:112
#2  0x00007fffda3ca7a3 in __new_sem_wait_slow (sem=0x7fffa8060110, abstime=0x7fff5e7c1030, clockid=0) at sem_waitcommon.c:184
#3  0x00007fffa9f1a5aa in eprosima::fastdds::rtps::SharedMemGlobal::Port::wait_pop(eprosima::fastdds::rtps::MultiProducerConsumerRingBuffer<eprosima::fastdds::rtps::SharedMemGlobal::BufferDescriptor>::Listener&, std::atomic<bool> const&, unsigned int) () at /opt/ros/foxy/lib/libfastrtps.so.2
#4  0x00007fffa9f30cbf in eprosima::fastdds::rtps::SharedMemManager::Listener::pop() () at /opt/ros/foxy/lib/libfastrtps.so.2
#5  0x00007fffa9f316a6 in eprosima::fastdds::rtps::SharedMemChannelResource::Receive(eprosima::fastrtps::rtps::Locator_t&) () at /opt/ros/foxy/lib/libfastrtps.so.2
#6  0x00007fffa9f2251b in eprosima::fastdds::rtps::SharedMemChannelResource::perform_listen_operation(eprosima::fastrtps::rtps::Locator_t) () at /opt/ros/foxy/lib/libfastrtps.so.2
#7  0x00007fffa9f133da in std::thread::_State_impl<std::thread::_Invoker<std::tuple<void (eprosima::fastdds::rtps::SharedMemChannelResource::*)(eprosima::fastrtps::rtps::Locator_t), eprosima::fastdds::rtps::SharedMemChannelResource*, eprosima::fastrtps::rtps::Locator_t> > >::_M_run() () at /opt/ros/foxy/lib/libfastrtps.so.2
#8  0x00007fffd2b66793 in  () at /usr/lib/x86_64-linux-gnu/libstdc++.so.6
#9  0x00007fffda3c0609 in start_thread (arg=<optimized out>) at pthread_create.c:477
#10 0x00007fffd2986353 in clone () at ../sysdeps/unix/sysv/linux/x86_64/clone.S:95

Thread 12 (Thread 0x7fff5efd0000 (LWP 551364) "multi_cam_node"):
#0  __libc_recvmsg (flags=0, msg=0x7fff5efc2310, fd=44) at ../sysdeps/unix/sysv/linux/recvmsg.c:28
#1  __libc_recvmsg (fd=44, msg=0x7fff5efc2310, flags=0) at ../sysdeps/unix/sysv/linux/recvmsg.c:25
#2  0x00007fffa9cfc02f in eprosima::fastdds::rtps::UDPChannelResource::Receive(unsigned char*, unsigned int, unsigned int&, eprosima::fastrtps::rtps::Locator_t&) () at /opt/ros/foxy/lib/libfastrtps.so.2
#3  0x00007fffa9cfc438 in eprosima::fastdds::rtps::UDPChannelResource::perform_listen_operation(eprosima::fastrtps::rtps::Locator_t) () at /opt/ros/foxy/lib/libfastrtps.so.2
#4  0x00007fffa9cfc9aa in std::thread::_State_impl<std::thread::_Invoker<std::tuple<void (eprosima::fastdds::rtps::UDPChannelResource::*)(eprosima::fastrtps::rtps::Locator_t), eprosima::fastdds::rtps::UDPChannelResource*, eprosima::fastrtps::rtps::Locator_t> > >::_M_run() () at /opt/ros/foxy/lib/libfastrtps.so.2
#5  0x00007fffd2b66793 in  () at /usr/lib/x86_64-linux-gnu/libstdc++.so.6
#6  0x00007fffda3c0609 in start_thread (arg=<optimized out>) at pthread_create.c:477
#7  0x00007fffd2986353 in clone () at ../sysdeps/unix/sysv/linux/x86_64/clone.S:95

Thread 11 (Thread 0x7fff5f7d1000 (LWP 551363) "multi_cam_node"):
#0  0x00007fffda3ca678 in futex_abstimed_wait_cancelable (private=128, abstime=0x7fff5f7c3030, clockid=0, expected=0, futex_word=0x7fffa806d110) at ../sysdeps/nptl/futex-internal.h:320
#1  do_futex_wait (sem=sem@entry=0x7fffa806d110, abstime=abstime@entry=0x7fff5f7c3030, clockid=0) at sem_waitcommon.c:112
#2  0x00007fffda3ca7a3 in __new_sem_wait_slow (sem=0x7fffa806d110, abstime=0x7fff5f7c3030, clockid=0) at sem_waitcommon.c:184
#3  0x00007fffa9f1a5aa in eprosima::fastdds::rtps::SharedMemGlobal::Port::wait_pop(eprosima::fastdds::rtps::MultiProducerConsumerRingBuffer<eprosima::fastdds::rtps::SharedMemGlobal::BufferDescriptor>::Listener&, std::atomic<bool> const&, unsigned int) () at /opt/ros/foxy/lib/libfastrtps.so.2
#4  0x00007fffa9f30cbf in eprosima::fastdds::rtps::SharedMemManager::Listener::pop() () at /opt/ros/foxy/lib/libfastrtps.so.2
#5  0x00007fffa9f316a6 in eprosima::fastdds::rtps::SharedMemChannelResource::Receive(eprosima::fastrtps::rtps::Locator_t&) () at /opt/ros/foxy/lib/libfastrtps.so.2
#6  0x00007fffa9f2251b in eprosima::fastdds::rtps::SharedMemChannelResource::perform_listen_operation(eprosima::fastrtps::rtps::Locator_t) () at /opt/ros/foxy/lib/libfastrtps.so.2
#7  0x00007fffa9f133da in std::thread::_State_impl<std::thread::_Invoker<std::tuple<void (eprosima::fastdds::rtps::SharedMemChannelResource::*)(eprosima::fastrtps::rtps::Locator_t), eprosima::fastdds::rtps::SharedMemChannelResource*, eprosima::fastrtps::rtps::Locator_t> > >::_M_run() () at /opt/ros/foxy/lib/libfastrtps.so.2
#8  0x00007fffd2b66793 in  () at /usr/lib/x86_64-linux-gnu/libstdc++.so.6
#9  0x00007fffda3c0609 in start_thread (arg=<optimized out>) at pthread_create.c:477
#10 0x00007fffd2986353 in clone () at ../sysdeps/unix/sysv/linux/x86_64/clone.S:95

Thread 10 (Thread 0x7fff5ffd2000 (LWP 551362) "multi_cam_node"):
#0  __libc_recvmsg (flags=0, msg=0x7fff5ffc4310, fd=40) at ../sysdeps/unix/sysv/linux/recvmsg.c:28
#1  __libc_recvmsg (fd=40, msg=0x7fff5ffc4310, flags=0) at ../sysdeps/unix/sysv/linux/recvmsg.c:25
#2  0x00007fffa9cfc02f in eprosima::fastdds::rtps::UDPChannelResource::Receive(unsigned char*, unsigned int, unsigned int&, eprosima::fastrtps::rtps::Locator_t&) () at /opt/ros/foxy/lib/libfastrtps.so.2
#3  0x00007fffa9cfc438 in eprosima::fastdds::rtps::UDPChannelResource::perform_listen_operation(eprosima::fastrtps::rtps::Locator_t) () at /opt/ros/foxy/lib/libfastrtps.so.2
#4  0x00007fffa9cfc9aa in std::thread::_State_impl<std::thread::_Invoker<std::tuple<void (eprosima::fastdds::rtps::UDPChannelResource::*)(eprosima::fastrtps::rtps::Locator_t), eprosima::fastdds::rtps::UDPChannelResource*, eprosima::fastrtps::rtps::Locator_t> > >::_M_run() () at /opt/ros/foxy/lib/libfastrtps.so.2
#5  0x00007fffd2b66793 in  () at /usr/lib/x86_64-linux-gnu/libstdc++.so.6
#6  0x00007fffda3c0609 in start_thread (arg=<optimized out>) at pthread_create.c:477
#7  0x00007fffd2986353 in clone () at ../sysdeps/unix/sysv/linux/x86_64/clone.S:95

Thread 9 (Thread 0x7fff94ffd000 (LWP 551361) "multi_cam_node"):
#0  __libc_recvmsg (flags=0, msg=0x7fff94fef310, fd=39) at ../sysdeps/unix/sysv/linux/recvmsg.c:28
#1  __libc_recvmsg (fd=39, msg=0x7fff94fef310, flags=0) at ../sysdeps/unix/sysv/linux/recvmsg.c:25
#2  0x00007fffa9cfc02f in eprosima::fastdds::rtps::UDPChannelResource::Receive(unsigned char*, unsigned int, unsigned int&, eprosima::fastrtps::rtps::Locator_t&) () at /opt/ros/foxy/lib/libfastrtps.so.2
#3  0x00007fffa9cfc438 in eprosima::fastdds::rtps::UDPChannelResource::perform_listen_operation(eprosima::fastrtps::rtps::Locator_t) () at /opt/ros/foxy/lib/libfastrtps.so.2
#4  0x00007fffa9cfc9aa in std::thread::_State_impl<std::thread::_Invoker<std::tuple<void (eprosima::fastdds::rtps::UDPChannelResource::*)(eprosima::fastrtps::rtps::Locator_t), eprosima::fastdds::rtps::UDPChannelResource*, eprosima::fastrtps::rtps::Locator_t> > >::_M_run() () at /opt/ros/foxy/lib/libfastrtps.so.2
#5  0x00007fffd2b66793 in  () at /usr/lib/x86_64-linux-gnu/libstdc++.so.6
#6  0x00007fffda3c0609 in start_thread (arg=<optimized out>) at pthread_create.c:477
#7  0x00007fffd2986353 in clone () at ../sysdeps/unix/sysv/linux/x86_64/clone.S:95

Thread 8 (Thread 0x7fff957fe000 (LWP 551360) "multi_cam_node"):
#0  futex_abstimed_wait_cancelable (private=<optimized out>, abstime=0x7fff957f07c0, clockid=<optimized out>, expected=0, futex_word=0x5555a7606eac) at ../sysdeps/nptl/futex-internal.h:320
#1  __pthread_cond_wait_common (abstime=0x7fff957f07c0, clockid=<optimized out>, mutex=0x5555a8726e80, cond=0x5555a7606e80) at pthread_cond_wait.c:520
#2  __pthread_cond_timedwait (cond=0x5555a7606e80, mutex=0x5555a8726e80, abstime=0x7fff957f07c0) at pthread_cond_wait.c:665
#3  0x00007fffa9bff0ac in eprosima::fastrtps::rtps::ResourceEvent::event_service() () at /opt/ros/foxy/lib/libfastrtps.so.2
#4  0x00007fffd2b66793 in  () at /usr/lib/x86_64-linux-gnu/libstdc++.so.6
#5  0x00007fffda3c0609 in start_thread (arg=<optimized out>) at pthread_create.c:477
#6  0x00007fffd2986353 in clone () at ../sysdeps/unix/sysv/linux/x86_64/clone.S:95

Thread 7 (Thread 0x7fffa3fff000 (LWP 551359) "multi_cam_node"):
#0  futex_abstimed_wait_cancelable (private=<optimized out>, abstime=0x7fffa3ff17c0, clockid=<optimized out>, expected=0, futex_word=0x5555a8724820) at ../sysdeps/nptl/futex-internal.h:320
#1  __pthread_cond_wait_common (abstime=0x7fffa3ff17c0, clockid=<optimized out>, mutex=0x5555a8724828, cond=0x5555a87247f8) at pthread_cond_wait.c:520
#2  __pthread_cond_timedwait (cond=0x5555a87247f8, mutex=0x5555a8724828, abstime=0x7fffa3ff17c0) at pthread_cond_wait.c:665
#3  0x00007fffa9f13b83 in eprosima::fastdds::rtps::SharedMemWatchdog::run() () at /opt/ros/foxy/lib/libfastrtps.so.2
#4  0x00007fffd2b66793 in  () at /usr/lib/x86_64-linux-gnu/libstdc++.so.6
#5  0x00007fffda3c0609 in start_thread (arg=<optimized out>) at pthread_create.c:477
#6  0x00007fffd2986353 in clone () at ../sysdeps/unix/sysv/linux/x86_64/clone.S:95

Thread 6 (Thread 0x7fff95fff000 (LWP 551349) "multi_cam_node"):
#0  futex_abstimed_wait_cancelable (private=<optimized out>, abstime=0x7fff95ff17c0, clockid=<optimized out>, expected=0, futex_word=0x5555561ae3c0) at ../sysdeps/nptl/futex-internal.h:320
#1  __pthread_cond_wait_common (abstime=0x7fff95ff17c0, clockid=<optimized out>, mutex=0x55555620c440, cond=0x5555561ae398) at pthread_cond_wait.c:520
#2  __pthread_cond_timedwait (cond=0x5555561ae398, mutex=0x55555620c440, abstime=0x7fff95ff17c0) at pthread_cond_wait.c:665
#3  0x00007fffab4c5faa in  () at /usr/lib/x86_64-linux-gnu/libcuda.so
#4  0x00007fffab5629cf in  () at /usr/lib/x86_64-linux-gnu/libcuda.so
#5  0x00007fffda3c0609 in start_thread (arg=<optimized out>) at pthread_create.c:477
#6  0x00007fffd2986353 in clone () at ../sysdeps/unix/sysv/linux/x86_64/clone.S:95

Thread 5 (Thread 0x7fff9d06a000 (LWP 551348) "cuda-EvtHandlr"):
#0  0x00007fffd2979bbf in __GI___poll (fds=0x7fff90000c10, nfds=10, timeout=100) at ../sysdeps/unix/sysv/linux/poll.c:29
#1  0x00007fffab567a9f in  () at /usr/lib/x86_64-linux-gnu/libcuda.so
#2  0x00007fffab62a82f in  () at /usr/lib/x86_64-linux-gnu/libcuda.so
#3  0x00007fffab5629cf in  () at /usr/lib/x86_64-linux-gnu/libcuda.so
#4  0x00007fffda3c0609 in start_thread (arg=<optimized out>) at pthread_create.c:477
#5  0x00007fffd2986353 in clone () at ../sysdeps/unix/sysv/linux/x86_64/clone.S:95

Thread 4 (Thread 0x7fffa8a2b000 (LWP 551347) "cuda-EvtHandlr"):
#0  0x00007fffd2979bbf in __GI___poll (fds=0x55555602df60, nfds=2, timeout=-1) at ../sysdeps/unix/sysv/linux/poll.c:29
#1  0x00007fffab567a9f in  () at /usr/lib/x86_64-linux-gnu/libcuda.so
#2  0x00007fffab62a82f in  () at /usr/lib/x86_64-linux-gnu/libcuda.so
#3  0x00007fffab5629cf in  () at /usr/lib/x86_64-linux-gnu/libcuda.so
#4  0x00007fffda3c0609 in start_thread (arg=<optimized out>) at pthread_create.c:477
#5  0x00007fffd2986353 in clone () at ../sysdeps/unix/sysv/linux/x86_64/clone.S:95

Thread 3 (Thread 0x7fffa956e000 (LWP 551308) "multi_cam_node"):
#0  futex_abstimed_wait_cancelable (private=0, abstime=0x0, clockid=0, expected=0, futex_word=0x7ffff7fc60c0 <rclcpp::SignalHandler::signal_handler_sem_>) at ../sysdeps/nptl/futex-internal.h:320
#1  do_futex_wait (sem=sem@entry=0x7ffff7fc60c0 <rclcpp::SignalHandler::signal_handler_sem_>, abstime=0x0, clockid=0) at sem_waitcommon.c:112
#2  0x00007fffda3ca548 in __new_sem_wait_slow (sem=0x7ffff7fc60c0 <rclcpp::SignalHandler::signal_handler_sem_>, abstime=0x0, clockid=0) at sem_waitcommon.c:184
#3  0x00007ffff7f4fad2 in rclcpp::SignalHandler::wait_for_signal() () at /opt/ros/foxy/lib/librclcpp.so
#4  0x00007ffff7f508a9 in rclcpp::SignalHandler::deferred_signal_handler() () at /opt/ros/foxy/lib/librclcpp.so
#5  0x00007fffd2b66793 in  () at /usr/lib/x86_64-linux-gnu/libstdc++.so.6
#6  0x00007fffda3c0609 in start_thread (arg=<optimized out>) at pthread_create.c:477
#7  0x00007fffd2986353 in clone () at ../sysdeps/unix/sysv/linux/x86_64/clone.S:95

Thread 2 (Thread 0x7fffaa9ea000 (LWP 551307) "multi_cam_node"):
#0  0x00007fffd294423f in __GI___clock_nanosleep (clock_id=clock_id@entry=0, flags=flags@entry=0, req=0x7fffaa9dc7c0, rem=0x7fffaa9dc7d0) at ../sysdeps/unix/sysv/linux/clock_nanosleep.c:78
#1  0x00007fffd2949ec7 in __GI___nanosleep (requested_time=<optimized out>, remaining=<optimized out>) at nanosleep.c:27
#2  0x00007fffd1b17557 in g_usleep () at /usr/lib/x86_64-linux-gnu/libglib-2.0.so.0
#3  0x00007ffff7ddd549 in icvWindowThreadLoop(void*) () at /usr/local/lib/libopencv_highgui.so.406
#4  0x00007fffd1b15ae1 in  () at /usr/lib/x86_64-linux-gnu/libglib-2.0.so.0
#5  0x00007fffda3c0609 in start_thread (arg=<optimized out>) at pthread_create.c:477
#6  0x00007fffd2986353 in clone () at ../sysdeps/unix/sysv/linux/x86_64/clone.S:95

Thread 1 (Thread 0x7fffacf31000 (LWP 551287) "multi_cam_node"):
#0  0x00007fffd294423f in __GI___clock_nanosleep (clock_id=clock_id@entry=0, flags=flags@entry=0, req=0x7fffffffcb40, rem=0x7fffffffcb40) at ../sysdeps/unix/sysv/linux/clock_nanosleep.c:78
#1  0x00007fffd2949ec7 in __GI___nanosleep (requested_time=<optimized out>, remaining=<optimized out>) at nanosleep.c:27
#2  0x0000555555564cef in main ()
